Component: ARM Compiler 6.16 Tool: armlink [5dfeaa00]

==============================================================================

Section Cross References

    main.o(.text.ADCInit) refers to stm32f4xx_hal.o(.text.HAL_Init) for HAL_Init
    main.o(.text.ADCInit) refers to main.o(.text.SystemClock_Config) for SystemClock_Config
    main.o(.text.ADCInit) refers to stm32f429i_discovery.o(.text.BSP_LED_Init) for BSP_LED_Init
    main.o(.text.ADCInit) refers to main.o(.bss.AdcHandle) for AdcHandle
    main.o(.text.ADCInit) refers to stm32f4xx_hal_adc.o(.text.HAL_ADC_Init) for HAL_ADC_Init
    main.o(.text.ADCInit) refers to stm32f4xx_hal_adc.o(.text.HAL_ADC_ConfigChannel) for HAL_ADC_ConfigChannel
    main.o(.text.ADCInit) refers to main.o(.bss.ADC3ConvertedValue) for ADC3ConvertedValue
    main.o(.text.ADCInit) refers to stm32f4xx_hal_adc.o(.text.HAL_ADC_Start_DMA) for HAL_ADC_Start_DMA
    main.o(.text.ADCInit) refers to main.o(.text.Error_Handler) for Error_Handler
    main.o(.ARM.exidx.text.ADCInit) refers to main.o(.text.ADCInit) for [Anonymous Symbol]
    main.o(.text.SystemClock_Config) refers to stm32f4xx_hal_rcc.o(.text.HAL_RCC_OscConfig) for HAL_RCC_OscConfig
    main.o(.text.SystemClock_Config) refers to stm32f4xx_hal_pwr_ex.o(.text.HAL_PWREx_EnableOverDrive) for HAL_PWREx_EnableOverDrive
    main.o(.text.SystemClock_Config) refers to stm32f4xx_hal_rcc.o(.text.HAL_RCC_ClockConfig) for HAL_RCC_ClockConfig
    main.o(.text.SystemClock_Config) refers to main.o(.text.Error_Handler) for Error_Handler
    main.o(.ARM.exidx.text.SystemClock_Config) refers to main.o(.text.SystemClock_Config) for [Anonymous Symbol]
    main.o(.text.Error_Handler) refers to stm32f429i_discovery.o(.text.BSP_LED_On) for BSP_LED_On
    main.o(.ARM.exidx.text.Error_Handler) refers to main.o(.text.Error_Handler) for [Anonymous Symbol]
    main.o(.text.main) refers to main.o(.text.ADCInit) for ADCInit
    main.o(.text.main) refers to stm32f4xx_hal.o(.text.HAL_InitTick) for HAL_InitTick
    main.o(.text.main) refers to main.o(.text.LEDs_Config) for LEDs_Config
    main.o(.text.main) refers to stm32f429i_discovery.o(.text.BSP_PB_Init) for BSP_PB_Init
    main.o(.text.main) refers to stm32f429i_discovery_lcd.o(.text.BSP_LCD_Init) for BSP_LCD_Init
    main.o(.text.main) refers to stm32f429i_discovery_lcd.o(.text.BSP_LCD_LayerDefaultInit) for BSP_LCD_LayerDefaultInit
    main.o(.text.main) refers to stm32f429i_discovery_lcd.o(.text.BSP_LCD_SelectLayer) for BSP_LCD_SelectLayer
    main.o(.text.main) refers to stm32f429i_discovery_lcd.o(.text.BSP_LCD_Clear) for BSP_LCD_Clear
    main.o(.text.main) refers to stm32f429i_discovery_lcd.o(.text.BSP_LCD_DisplayOn) for BSP_LCD_DisplayOn
    main.o(.text.main) refers to stm32f429i_discovery_lcd.o(.data.Font20) for Font20
    main.o(.text.main) refers to stm32f429i_discovery_lcd.o(.text.BSP_LCD_SetFont) for BSP_LCD_SetFont
    main.o(.text.main) refers to main.o(.text.LCD_DisplayString) for LCD_DisplayString
    main.o(.text.main) refers to main.o(.text.LCD_DisplayFloat) for LCD_DisplayFloat
    main.o(.text.main) refers to main.o(.bss.htim2) for htim2
    main.o(.text.main) refers to stm32f4xx_hal_tim.o(.text.HAL_TIM_PWM_Start) for HAL_TIM_PWM_Start
    main.o(.ARM.exidx.text.main) refers to main.o(.text.main) for [Anonymous Symbol]
    main.o(.text.LEDs_Config) refers to stm32f429i_discovery.o(.text.BSP_LED_Init) for BSP_LED_Init
    main.o(.ARM.exidx.text.LEDs_Config) refers to main.o(.text.LEDs_Config) for [Anonymous Symbol]
    main.o(.text.LCD_DisplayString) refers to stm32f429i_discovery_lcd.o(.text.BSP_LCD_GetFont) for BSP_LCD_GetFont
    main.o(.text.LCD_DisplayString) refers to stm32f429i_discovery_lcd.o(.text.BSP_LCD_DisplayChar) for BSP_LCD_DisplayChar
    main.o(.text.LCD_DisplayString) refers to stm32f429i_discovery_lcd.o(.text.BSP_LCD_GetXSize) for BSP_LCD_GetXSize
    main.o(.ARM.exidx.text.LCD_DisplayString) refers to main.o(.text.LCD_DisplayString) for [Anonymous Symbol]
    main.o(.text.LCD_DisplayFloat) refers to f2d.o(.text) for __aeabi_f2d
    main.o(.text.LCD_DisplayFloat) refers to printfa.o(i.__0sprintf) for __2sprintf
    main.o(.text.LCD_DisplayFloat) refers to main.o(.text.LCD_DisplayString) for LCD_DisplayString
    main.o(.ARM.exidx.text.LCD_DisplayFloat) refers to main.o(.text.LCD_DisplayFloat) for [Anonymous Symbol]
    main.o(.text.LEDs_On) refers to stm32f429i_discovery.o(.text.BSP_LED_On) for BSP_LED_On
    main.o(.ARM.exidx.text.LEDs_On) refers to main.o(.text.LEDs_On) for [Anonymous Symbol]
    main.o(.text.LEDs_Off) refers to stm32f429i_discovery.o(.text.BSP_LED_Off) for BSP_LED_Off
    main.o(.ARM.exidx.text.LEDs_Off) refers to main.o(.text.LEDs_Off) for [Anonymous Symbol]
    main.o(.text.LEDs_Toggle) refers to stm32f429i_discovery.o(.text.BSP_LED_Toggle) for BSP_LED_Toggle
    main.o(.ARM.exidx.text.LEDs_Toggle) refers to main.o(.text.LEDs_Toggle) for [Anonymous Symbol]
    main.o(.text.LCD_DisplayInt) refers to printfa.o(i.__0sprintf) for __2sprintf
[...]
    Removing stm32f4xx_hal_adc.o(.ARM.exidx.text.HAL_ADC_ConvCpltCallback), (8 bytes).
    Removing stm32f4xx_hal_adc.o(.text.HAL_ADC_LevelOutOfWindowCallback), (2 bytes).
    Removing stm32f4xx_hal_adc.o(.ARM.exidx.text.HAL_ADC_LevelOutOfWindowCallback), (8 bytes).
    Removing stm32f4xx_hal_adc.o(.ARM.exidx.text.HAL_ADC_ErrorCallback), (8 bytes).
    Removing stm32f4xx_hal_adc.o(.ARM.exidx.text.HAL_ADC_Start_DMA), (8 bytes).
    Removing stm32f4xx_hal_adc.o(.ARM.exidx.text.ADC_DMAConvCplt), (8 bytes).
    Removing stm32f4xx_hal_adc.o(.ARM.exidx.text.ADC_DMAHalfConvCplt), (8 bytes).
    Removing stm32f4xx_hal_adc.o(.ARM.exidx.text.ADC_DMAError), (8 bytes).
    Removing stm32f4xx_hal_adc.o(.text.HAL_ADC_Stop_DMA), (86 bytes).
    Removing stm32f4xx_hal_adc.o(.ARM.exidx.text.HAL_ADC_Stop_DMA), (8 bytes).
    Removing stm32f4xx_hal_adc.o(.text.HAL_ADC_GetValue), (6 bytes).
    Removing stm32f4xx_hal_adc.o(.ARM.exidx.text.HAL_ADC_GetValue), (8 bytes).
    Removing stm32f4xx_hal_adc.o(.ARM.exidx.text.HAL_ADC_ConvHalfCpltCallback), (8 bytes).
    Removing stm32f4xx_hal_adc.o(.ARM.exidx.text.HAL_ADC_ConfigChannel), (8 bytes).
    Removing stm32f4xx_hal_adc.o(.text.HAL_ADC_AnalogWDGConfig), (108 bytes).
    Removing stm32f4xx_hal_adc.o(.ARM.exidx.text.HAL_ADC_AnalogWDGConfig), (8 bytes).
    Removing stm32f4xx_hal_adc.o(.text.HAL_ADC_GetState), (4 bytes).
    Removing stm32f4xx_hal_adc.o(.ARM.exidx.text.HAL_ADC_GetState), (8 bytes).
    Removing stm32f4xx_hal_adc.o(.text.HAL_ADC_GetError), (4 bytes).
    Removing stm32f4xx_hal_adc.o(.ARM.exidx.text.HAL_ADC_GetError), (8 bytes).
    Removing stm32f4xx_hal_adc_ex.o(.text), (0 bytes).
    Removing stm32f4xx_hal_adc_ex.o(.text.HAL_ADCEx_InjectedStart), (212 bytes).
    Removing stm32f4xx_hal_adc_ex.o(.ARM.exidx.text.HAL_ADCEx_InjectedStart), (8 bytes).
    Removing stm32f4xx_hal_adc_ex.o(.text.HAL_ADCEx_InjectedStart_IT), (220 bytes).
    Removing stm32f4xx_hal_adc_ex.o(.ARM.exidx.text.HAL_ADCEx_InjectedStart_IT), (8 bytes).
    Removing stm32f4xx_hal_adc_ex.o(.text.HAL_ADCEx_InjectedStop), (84 bytes).
    Removing stm32f4xx_hal_adc_ex.o(.ARM.exidx.text.HAL_ADCEx_InjectedStop), (8 bytes).
    Removing stm32f4xx_hal_adc_ex.o(.text.HAL_ADCEx_InjectedPollForConversion), (152 bytes).
    Removing stm32f4xx_hal_adc_ex.o(.ARM.exidx.text.HAL_ADCEx_InjectedPollForConversion), (8 bytes).
    Removing stm32f4xx_hal_adc_ex.o(.text.HAL_ADCEx_InjectedStop_IT), (92 bytes).
    Removing stm32f4xx_hal_adc_ex.o(.ARM.exidx.text.HAL_ADCEx_InjectedStop_IT), (8 bytes).
    Removing stm32f4xx_hal_adc_ex.o(.text.HAL_ADCEx_InjectedGetValue), (56 bytes).
    Removing stm32f4xx_hal_adc_ex.o(.ARM.exidx.text.HAL_ADCEx_InjectedGetValue), (8 bytes).
    Removing stm32f4xx_hal_adc_ex.o(.text.HAL_ADCEx_MultiModeStart_DMA), (260 bytes).
    Removing stm32f4xx_hal_adc_ex.o(.ARM.exidx.text.HAL_ADCEx_MultiModeStart_DMA), (8 bytes).
    Removing stm32f4xx_hal_adc_ex.o(.text.ADC_MultiModeDMAConvCplt), (104 bytes).
    Removing stm32f4xx_hal_adc_ex.o(.ARM.exidx.text.ADC_MultiModeDMAConvCplt), (8 bytes).
    Removing stm32f4xx_hal_adc_ex.o(.text.ADC_MultiModeDMAHalfConvCplt), (10 bytes).
    Removing stm32f4xx_hal_adc_ex.o(.ARM.exidx.text.ADC_MultiModeDMAHalfConvCplt), (8 bytes).
    Removing stm32f4xx_hal_adc_ex.o(.text.ADC_MultiModeDMAError), (22 bytes).
    Removing stm32f4xx_hal_adc_ex.o(.ARM.exidx.text.ADC_MultiModeDMAError), (8 bytes).
    Removing stm32f4xx_hal_adc_ex.o(.text.HAL_ADCEx_MultiModeStop_DMA), (94 bytes).
    Removing stm32f4xx_hal_adc_ex.o(.ARM.exidx.text.HAL_ADCEx_MultiModeStop_DMA), (8 bytes).
    Removing stm32f4xx_hal_adc_ex.o(.text.HAL_ADCEx_MultiModeGetValue), (12 bytes).
    Removing stm32f4xx_hal_adc_ex.o(.ARM.exidx.text.HAL_ADCEx_MultiModeGetValue), (8 bytes).
    Removing stm32f4xx_hal_adc_ex.o(.text.HAL_ADCEx_InjectedConvCpltCallback), (2 bytes).
    Removing stm32f4xx_hal_adc_ex.o(.ARM.exidx.text.HAL_ADCEx_InjectedConvCpltCallback), (8 bytes).
    Removing stm32f4xx_hal_adc_ex.o(.text.HAL_ADCEx_InjectedConfigChannel), (348 bytes).
    Removing stm32f4xx_hal_adc_ex.o(.ARM.exidx.text.HAL_ADCEx_InjectedConfigChannel), (8 bytes).
    Removing stm32f4xx_hal_adc_ex.o(.text.HAL_ADCEx_MultiModeConfigChannel), (88 bytes).
    Removing stm32f4xx_hal_adc_ex.o(.ARM.exidx.text.HAL_ADCEx_MultiModeConfigChannel), (8 bytes).
    Removing stm32f4xx_hal_cortex.o(.text), (0 bytes).
    Removing stm32f4xx_hal_cortex.o(.ARM.exidx.text.HAL_NVIC_SetPriorityGrouping), (8 bytes).
    Removing stm32f4xx_hal_cortex.o(.ARM.exidx.text.__NVIC_SetPriorityGrouping), (8 bytes).
    Removing stm32f4xx_hal_cortex.o(.ARM.exidx.text.HAL_NVIC_SetPriority), (8 bytes).
    Removing stm32f4xx_hal_cortex.o(.ARM.exidx.text.__NVIC_GetPriorityGrouping), (8 bytes).
    Removing stm32f4xx_hal_cortex.o(.ARM.exidx.text.__NVIC_SetPriority), (8 bytes).
    Removing stm32f4xx_hal_cortex.o(.ARM.exidx.text.NVIC_EncodePriority), (8 bytes).
    Removing stm32f4xx_hal_cortex.o(.ARM.exidx.text.HAL_NVIC_EnableIRQ), (8 bytes).
    Removing stm32f4xx_hal_cortex.o(.ARM.exidx.text.__NVIC_EnableIRQ), (8 bytes).
    Removing stm32f4xx_hal_cortex.o(.text.HAL_NVIC_DisableIRQ), (8 bytes).
    Removing stm32f4xx_hal_cortex.o(.ARM.exidx.text.HAL_NVIC_DisableIRQ), (8 bytes).
    Removing stm32f4xx_hal_cortex.o(.text.__NVIC_DisableIRQ), (40 bytes).
    Removing stm32f4xx_hal_cortex.o(.ARM.exidx.text.__NVIC_DisableIRQ), (8 bytes).
    Removing stm32f4xx_hal_cortex.o(.text.HAL_NVIC_SystemReset), (4 bytes).
    Removing stm32f4xx_hal_cortex.o(.ARM.exidx.text.HAL_NVIC_SystemReset), (8 bytes).
    Removing stm32f4xx_hal_cortex.o(.text.__NVIC_SystemReset), (36 bytes).
    Removing stm32f4xx_hal_cortex.o(.ARM.exidx.text.__NVIC_SystemReset), (8 bytes).
    Removing stm32f4xx_hal_cortex.o(.ARM.exidx.text.HAL_SYSTICK_Config), (8 bytes).
    Removing stm32f4xx_hal_cortex.o(.ARM.exidx.text.SysTick_Config), (8 bytes).
    Removing stm32f4xx_hal_cortex.o(.text.HAL_MPU_Disable), (26 bytes).
    Removing stm32f4xx_hal_cortex.o(.ARM.exidx.text.HAL_MPU_Disable), (8 bytes).
    Removing stm32f4xx_hal_cortex.o(.text.HAL_MPU_Enable), (32 bytes).
    Removing stm32f4xx_hal_cortex.o(.ARM.exidx.text.HAL_MPU_Enable), (8 bytes).
    Removing stm32f4xx_hal_cortex.o(.text.HAL_MPU_ConfigRegion), (94 bytes).
    Removing stm32f4xx_hal_cortex.o(.ARM.exidx.text.HAL_MPU_ConfigRegion), (8 bytes).
    Removing stm32f4xx_hal_cortex.o(.text.HAL_NVIC_GetPriorityGrouping), (8 bytes).
    Removing stm32f4xx_hal_cortex.o(.ARM.exidx.text.HAL_NVIC_GetPriorityGrouping), (8 bytes).
    Removing stm32f4xx_hal_cortex.o(.text.HAL_NVIC_GetPriority), (24 bytes).
    Removing stm32f4xx_hal_cortex.o(.ARM.exidx.text.HAL_NVIC_GetPriority), (8 bytes).
    Removing stm32f4xx_hal_cortex.o(.text.NVIC_DecodePriority), (56 bytes).
    Removing stm32f4xx_hal_cortex.o(.ARM.exidx.text.NVIC_DecodePriority), (8 bytes).
    Removing stm32f4xx_hal_cortex.o(.text.__NVIC_GetPriority), (34 bytes).
    Removing stm32f4xx_hal_cortex.o(.ARM.exidx.text.__NVIC_GetPriority), (8 bytes).
    Removing stm32f4xx_hal_cortex.o(.text.HAL_NVIC_SetPendingIRQ), (8 bytes).
    Removing stm32f4xx_hal_cortex.o(.ARM.exidx.text.HAL_NVIC_SetPendingIRQ), (8 bytes).
    Removing stm32f4xx_hal_cortex.o(.text.__NVIC_SetPendingIRQ), (32 bytes).
    Removing stm32f4xx_hal_cortex.o(.ARM.exidx.text.__NVIC_SetPendingIRQ), (8 bytes).
    Removing stm32f4xx_hal_cortex.o(.text.HAL_NVIC_GetPendingIRQ), (8 bytes).
    Removing stm32f4xx_hal_cortex.o(.ARM.exidx.text.HAL_NVIC_GetPendingIRQ), (8 bytes).
    Removing stm32f4xx_hal_cortex.o(.text.__NVIC_GetPendingIRQ), (36 bytes).
    Removing stm32f4xx_hal_cortex.o(.ARM.exidx.text.__NVIC_GetPendingIRQ), (8 bytes).
    Removing stm32f4xx_hal_cortex.o(.text.HAL_NVIC_ClearPendingIRQ), (8 bytes).
    Removing stm32f4xx_hal_cortex.o(.ARM.exidx.text.HAL_NVIC_ClearPendingIRQ), (8 bytes).
    Removing stm32f4xx_hal_cortex.o(.text.__NVIC_ClearPendingIRQ), (32 bytes).
    Removing stm32f4xx_hal_cortex.o(.ARM.exidx.text.__NVIC_ClearPendingIRQ), (8 bytes).
    Removing stm32f4xx_hal_cortex.o(.text.HAL_NVIC_GetActive), (8 bytes).
    Removing stm32f4xx_hal_cortex.o(.ARM.exidx.text.HAL_NVIC_GetActive), (8 bytes).
    Removing stm32f4xx_hal_cortex.o(.text.__NVIC_GetActive), (36 bytes).
    Removing stm32f4xx_hal_cortex.o(.ARM.exidx.text.__NVIC_GetActive), (8 bytes).
    Removing stm32f4xx_hal_cortex.o(.text.HAL_SYSTICK_CLKSourceConfig), (24 bytes).
    Removing stm32f4xx_hal_cortex.o(.ARM.exidx.text.HAL_SYSTICK_CLKSourceConfig), (8 bytes).
    Removing stm32f4xx_hal_cortex.o(.text.HAL_SYSTICK_IRQHandler), (8 bytes).
    Removing stm32f4xx_hal_cortex.o(.ARM.exidx.text.HAL_SYSTICK_IRQHandler), (8 bytes).
    Removing stm32f4xx_hal_cortex.o(.text.HAL_SYSTICK_Callback), (2 bytes).
    Removing stm32f4xx_hal_cortex.o(.ARM.exidx.text.HAL_SYSTICK_Callback), (8 bytes).
    Removing stm32f4xx_hal_dma.o(.text), (0 bytes).
    Removing stm32f4xx_hal_dma.o(.ARM.exidx.text.HAL_DMA_Init), (8 bytes).
    Removing stm32f4xx_hal_dma.o(.ARM.exidx.text.DMA_CheckFifoParam), (8 bytes).
    Removing stm32f4xx_hal_dma.o(.ARM.exidx.text.DMA_CalcBaseAndBitshift), (8 bytes).
    Removing stm32f4xx_hal_dma.o(.ARM.exidx.text.HAL_DMA_DeInit), (8 bytes).
    Removing stm32f4xx_hal_dma.o(.text.HAL_DMA_Start), (66 bytes).
    Removing stm32f4xx_hal_dma.o(.ARM.exidx.text.HAL_DMA_Start), (8 bytes).
    Removing stm32f4xx_hal_dma.o(.ARM.exidx.text.DMA_SetConfig), (8 bytes).
    Removing stm32f4xx_hal_dma.o(.ARM.exidx.text.HAL_DMA_Start_IT), (8 bytes).
    Removing stm32f4xx_hal_dma.o(.text.HAL_DMA_Abort), (138 bytes).
    Removing stm32f4xx_hal_dma.o(.ARM.exidx.text.HAL_DMA_Abort), (8 bytes).
    Removing stm32f4xx_hal_dma.o(.text.HAL_DMA_Abort_IT), (36 bytes).
    Removing stm32f4xx_hal_dma.o(.ARM.exidx.text.HAL_DMA_Abort_IT), (8 bytes).
    Removing stm32f4xx_hal_dma.o(.text.HAL_DMA_PollForTransfer), (340 bytes).
    Removing stm32f4xx_hal_dma.o(.ARM.exidx.text.HAL_DMA_PollForTransfer), (8 bytes).
    Removing stm32f4xx_hal_dma.o(.ARM.exidx.text.HAL_DMA_IRQHandler), (8 bytes).
    Removing stm32f4xx_hal_dma.o(.text.HAL_DMA_RegisterCallback), (78 bytes).
    Removing stm32f4xx_hal_dma.o(.ARM.exidx.text.HAL_DMA_RegisterCallback), (8 bytes).
    Removing stm32f4xx_hal_dma.o(.text.HAL_DMA_UnRegisterCallback), (104 bytes).
    Removing stm32f4xx_hal_dma.o(.ARM.exidx.text.HAL_DMA_UnRegisterCallback), (8 bytes).
    Removing stm32f4xx_hal_dma.o(.text.HAL_DMA_GetState), (6 bytes).
    Removing stm32f4xx_hal_dma.o(.ARM.exidx.text.HAL_DMA_GetState), (8 bytes).
    Removing stm32f4xx_hal_dma.o(.text.HAL_DMA_GetError), (4 bytes).
    Removing stm32f4xx_hal_dma.o(.ARM.exidx.text.HAL_DMA_GetError), (8 bytes).
    Removing stm32f4xx_hal_dma_ex.o(.text), (0 bytes).
    Removing stm32f4xx_hal_dma_ex.o(.text.HAL_DMAEx_MultiBufferStart), (96 bytes).
    Removing stm32f4xx_hal_dma_ex.o(.ARM.exidx.text.HAL_DMAEx_MultiBufferStart), (8 bytes).
    Removing stm32f4xx_hal_dma_ex.o(.text.DMA_MultiBufferSetConfig), (30 bytes).
    Removing stm32f4xx_hal_dma_ex.o(.ARM.exidx.text.DMA_MultiBufferSetConfig), (8 bytes).
    Removing stm32f4xx_hal_dma_ex.o(.text.HAL_DMAEx_MultiBufferStart_IT), (1456 bytes).
    Removing stm32f4xx_hal_dma_ex.o(.ARM.exidx.text.HAL_DMAEx_MultiBufferStart_IT), (8 bytes).
    Removing stm32f4xx_hal_dma_ex.o(.text.HAL_DMAEx_ChangeMemory), (20 bytes).
    Removing stm32f4xx_hal_dma_ex.o(.ARM.exidx.text.HAL_DMAEx_ChangeMemory), (8 bytes).
    Removing stm32f4xx_hal_dma2d.o(.text), (0 bytes).
    Removing stm32f4xx_hal_dma2d.o(.ARM.exidx.text.HAL_DMA2D_Init), (8 bytes).
    Removing stm32f4xx_hal_dma2d.o(.ARM.exidx.text.HAL_DMA2D_MspInit), (8 bytes).
    Removing stm32f4xx_hal_dma2d.o(.text.HAL_DMA2D_DeInit), (134 bytes).
    Removing stm32f4xx_hal_dma2d.o(.ARM.exidx.text.HAL_DMA2D_DeInit), (8 bytes).
    Removing stm32f4xx_hal_dma2d.o(.text.HAL_DMA2D_Abort), (82 bytes).
    Removing stm32f4xx_hal_dma2d.o(.ARM.exidx.text.HAL_DMA2D_Abort), (8 bytes).
    Removing stm32f4xx_hal_dma2d.o(.text.HAL_DMA2D_CLUTLoading_Abort), (92 bytes).
    Removing stm32f4xx_hal_dma2d.o(.ARM.exidx.text.HAL_DMA2D_CLUTLoading_Abort), (8 bytes).
    Removing stm32f4xx_hal_dma2d.o(.text.HAL_DMA2D_MspDeInit), (2 bytes).
    Removing stm32f4xx_hal_dma2d.o(.ARM.exidx.text.HAL_DMA2D_MspDeInit), (8 bytes).
    Removing stm32f4xx_hal_dma2d.o(.ARM.exidx.text.HAL_DMA2D_Start), (8 bytes).
    Removing stm32f4xx_hal_dma2d.o(.ARM.exidx.text.DMA2D_SetConfig), (8 bytes).
    Removing stm32f4xx_hal_dma2d.o(.text.HAL_DMA2D_Start_IT), (66 bytes).
    Removing stm32f4xx_hal_dma2d.o(.ARM.exidx.text.HAL_DMA2D_Start_IT), (8 bytes).
    Removing stm32f4xx_hal_dma2d.o(.text.HAL_DMA2D_BlendingStart), (70 bytes).
    Removing stm32f4xx_hal_dma2d.o(.ARM.exidx.text.HAL_DMA2D_BlendingStart), (8 bytes).
    Removing stm32f4xx_hal_dma2d.o(.text.HAL_DMA2D_BlendingStart_IT), (78 bytes).
    Removing stm32f4xx_hal_dma2d.o(.ARM.exidx.text.HAL_DMA2D_BlendingStart_IT), (8 bytes).
    Removing stm32f4xx_hal_dma2d.o(.text.HAL_DMA2D_Suspend), (92 bytes).
    Removing stm32f4xx_hal_dma2d.o(.ARM.exidx.text.HAL_DMA2D_Suspend), (8 bytes).
    Removing stm32f4xx_hal_dma2d.o(.text.HAL_DMA2D_Resume), (30 bytes).
    Removing stm32f4xx_hal_dma2d.o(.ARM.exidx.text.HAL_DMA2D_Resume), (8 bytes).
    Removing stm32f4xx_hal_dma2d.o(.text.HAL_DMA2D_EnableCLUT), (46 bytes).
    Removing stm32f4xx_hal_dma2d.o(.ARM.exidx.text.HAL_DMA2D_EnableCLUT), (8 bytes).
    Removing stm32f4xx_hal_dma2d.o(.text.HAL_DMA2D_CLUTStartLoad), (76 bytes).
    Removing stm32f4xx_hal_dma2d.o(.ARM.exidx.text.HAL_DMA2D_CLUTStartLoad), (8 bytes).
    Removing stm32f4xx_hal_dma2d.o(.text.HAL_DMA2D_CLUTStartLoad_IT), (92 bytes).
    Removing stm32f4xx_hal_dma2d.o(.ARM.exidx.text.HAL_DMA2D_CLUTStartLoad_IT), (8 bytes).
    Removing stm32f4xx_hal_dma2d.o(.text.HAL_DMA2D_CLUTLoad), (80 bytes).
    Removing stm32f4xx_hal_dma2d.o(.ARM.exidx.text.HAL_DMA2D_CLUTLoad), (8 bytes).
    Removing stm32f4xx_hal_dma2d.o(.text.HAL_DMA2D_CLUTLoad_IT), (96 bytes).
    Removing stm32f4xx_hal_dma2d.o(.ARM.exidx.text.HAL_DMA2D_CLUTLoad_IT), (8 bytes).
    Removing stm32f4xx_hal_dma2d.o(.text.HAL_DMA2D_CLUTLoading_Suspend), (124 bytes).
    Removing stm32f4xx_hal_dma2d.o(.ARM.exidx.text.HAL_DMA2D_CLUTLoading_Suspend), (8 bytes).
    Removing stm32f4xx_hal_dma2d.o(.text.HAL_DMA2D_CLUTLoading_Resume), (56 bytes).
    Removing stm32f4xx_hal_dma2d.o(.ARM.exidx.text.HAL_DMA2D_CLUTLoading_Resume), (8 bytes).
    Removing stm32f4xx_hal_dma2d.o(.ARM.exidx.text.HAL_DMA2D_PollForTransfer), (8 bytes).
    Removing stm32f4xx_hal_dma2d.o(.text.HAL_DMA2D_IRQHandler), (316 bytes).
    Removing stm32f4xx_hal_dma2d.o(.ARM.exidx.text.HAL_DMA2D_IRQHandler), (8 bytes).
    Removing stm32f4xx_hal_dma2d.o(.text.HAL_DMA2D_LineEventCallback), (2 bytes).
    Removing stm32f4xx_hal_dma2d.o(.ARM.exidx.text.HAL_DMA2D_LineEventCallback), (8 bytes).
    Removing stm32f4xx_hal_dma2d.o(.text.HAL_DMA2D_CLUTLoadingCpltCallback), (2 bytes).
    Removing stm32f4xx_hal_dma2d.o(.ARM.exidx.text.HAL_DMA2D_CLUTLoadingCpltCallback), (8 bytes).
    Removing stm32f4xx_hal_dma2d.o(.ARM.exidx.text.HAL_DMA2D_ConfigLayer), (8 bytes).
    Removing stm32f4xx_hal_dma2d.o(.text.HAL_DMA2D_ConfigCLUT), (96 bytes).
    Removing stm32f4xx_hal_dma2d.o(.ARM.exidx.text.HAL_DMA2D_ConfigCLUT), (8 bytes).
    Removing stm32f4xx_hal_dma2d.o(.text.HAL_DMA2D_ProgramLineEvent), (56 bytes).
    Removing stm32f4xx_hal_dma2d.o(.ARM.exidx.text.HAL_DMA2D_ProgramLineEvent), (8 bytes).
    Removing stm32f4xx_hal_dma2d.o(.text.HAL_DMA2D_EnableDeadTime), (42 bytes).
    Removing stm32f4xx_hal_dma2d.o(.ARM.exidx.text.HAL_DMA2D_EnableDeadTime), (8 bytes).
    Removing stm32f4xx_hal_dma2d.o(.text.HAL_DMA2D_DisableDeadTime), (42 bytes).
    Removing stm32f4xx_hal_dma2d.o(.ARM.exidx.text.HAL_DMA2D_DisableDeadTime), (8 bytes).
    Removing stm32f4xx_hal_dma2d.o(.text.HAL_DMA2D_ConfigDeadTime), (46 bytes).
    Removing stm32f4xx_hal_dma2d.o(.ARM.exidx.text.HAL_DMA2D_ConfigDeadTime), (8 bytes).
    Removing stm32f4xx_hal_dma2d.o(.text.HAL_DMA2D_GetState), (6 bytes).
    Removing stm32f4xx_hal_dma2d.o(.ARM.exidx.text.HAL_DMA2D_GetState), (8 bytes).
    Removing stm32f4xx_hal_dma2d.o(.text.HAL_DMA2D_GetError), (4 bytes).
    Removing stm32f4xx_hal_dma2d.o(.ARM.exidx.text.HAL_DMA2D_GetError), (8 bytes).
    Removing stm32f4xx_hal_exti.o(.text), (0 bytes).
    Removing stm32f4xx_hal_exti.o(.text.HAL_EXTI_SetConfigLine), (180 bytes).
    Removing stm32f4xx_hal_exti.o(.ARM.exidx.text.HAL_EXTI_SetConfigLine), (8 bytes).
    Removing stm32f4xx_hal_exti.o(.text.HAL_EXTI_GetConfigLine), (156 bytes).
    Removing stm32f4xx_hal_exti.o(.ARM.exidx.text.HAL_EXTI_GetConfigLine), (8 bytes).
    Removing stm32f4xx_hal_exti.o(.text.HAL_EXTI_ClearConfigLine), (136 bytes).
    Removing stm32f4xx_hal_exti.o(.ARM.exidx.text.HAL_EXTI_ClearConfigLine), (8 bytes).
    Removing stm32f4xx_hal_exti.o(.text.HAL_EXTI_RegisterCallback), (12 bytes).
    Removing stm32f4xx_hal_exti.o(.ARM.exidx.text.HAL_EXTI_RegisterCallback), (8 bytes).
    Removing stm32f4xx_hal_exti.o(.text.HAL_EXTI_GetHandle), (12 bytes).
    Removing stm32f4xx_hal_exti.o(.ARM.exidx.text.HAL_EXTI_GetHandle), (8 bytes).
    Removing stm32f4xx_hal_exti.o(.text.HAL_EXTI_IRQHandler), (44 bytes).
    Removing stm32f4xx_hal_exti.o(.ARM.exidx.text.HAL_EXTI_IRQHandler), (8 bytes).
    Removing stm32f4xx_hal_exti.o(.text.HAL_EXTI_GetPending), (28 bytes).
    Removing stm32f4xx_hal_exti.o(.ARM.exidx.text.HAL_EXTI_GetPending), (8 bytes).
    Removing stm32f4xx_hal_exti.o(.text.HAL_EXTI_ClearPending), (24 bytes).
    Removing stm32f4xx_hal_exti.o(.ARM.exidx.text.HAL_EXTI_ClearPending), (8 bytes).
    Removing stm32f4xx_hal_exti.o(.text.HAL_EXTI_GenerateSWI), (24 bytes).
    Removing stm32f4xx_hal_exti.o(.ARM.exidx.text.HAL_EXTI_GenerateSWI), (8 bytes).
    Removing stm32f4xx_hal_flash.o(.text), (0 bytes).
    Removing stm32f4xx_hal_flash.o(.text.HAL_FLASH_Program), (134 bytes).
    Removing stm32f4xx_hal_flash.o(.ARM.exidx.text.HAL_FLASH_Program), (8 bytes).
    Removing stm32f4xx_hal_flash.o(.text.FLASH_WaitForLastOperation), (106 bytes).
    Removing stm32f4xx_hal_flash.o(.ARM.exidx.text.FLASH_WaitForLastOperation), (8 bytes).
    Removing stm32f4xx_hal_flash.o(.text.FLASH_Program_Byte), (32 bytes).
    Removing stm32f4xx_hal_flash.o(.ARM.exidx.text.FLASH_Program_Byte), (8 bytes).
    Removing stm32f4xx_hal_flash.o(.text.FLASH_Program_HalfWord), (36 bytes).
    Removing stm32f4xx_hal_flash.o(.ARM.exidx.text.FLASH_Program_HalfWord), (8 bytes).
    Removing stm32f4xx_hal_flash.o(.text.FLASH_Program_Word), (36 bytes).
    Removing stm32f4xx_hal_flash.o(.ARM.exidx.text.FLASH_Program_Word), (8 bytes).
    Removing stm32f4xx_hal_flash.o(.text.FLASH_Program_DoubleWord), (56 bytes).
    Removing stm32f4xx_hal_flash.o(.ARM.exidx.text.FLASH_Program_DoubleWord), (8 bytes).
    Removing stm32f4xx_hal_flash.o(.text.HAL_FLASH_Program_IT), (136 bytes).
    Removing stm32f4xx_hal_flash.o(.ARM.exidx.text.HAL_FLASH_Program_IT), (8 bytes).
    Removing stm32f4xx_hal_flash.o(.text.HAL_FLASH_IRQHandler), (212 bytes).
    Removing stm32f4xx_hal_flash.o(.ARM.exidx.text.HAL_FLASH_IRQHandler), (8 bytes).
    Removing stm32f4xx_hal_flash.o(.text.FLASH_SetErrorCode), (130 bytes).
    Removing stm32f4xx_hal_flash.o(.ARM.exidx.text.FLASH_SetErrorCode), (8 bytes).
    Removing stm32f4xx_hal_flash.o(.text.HAL_FLASH_OperationErrorCallback), (2 bytes).
    Removing stm32f4xx_hal_flash.o(.ARM.exidx.text.HAL_FLASH_OperationErrorCallback), (8 bytes).
    Removing stm32f4xx_hal_flash.o(.text.HAL_FLASH_EndOfOperationCallback), (2 bytes).
    Removing stm32f4xx_hal_flash.o(.ARM.exidx.text.HAL_FLASH_EndOfOperationCallback), (8 bytes).
    Removing stm32f4xx_hal_flash.o(.text.HAL_FLASH_Unlock), (46 bytes).
    Removing stm32f4xx_hal_flash.o(.ARM.exidx.text.HAL_FLASH_Unlock), (8 bytes).
    Removing stm32f4xx_hal_flash.o(.text.HAL_FLASH_Lock), (20 bytes).
    Removing stm32f4xx_hal_flash.o(.ARM.exidx.text.HAL_FLASH_Lock), (8 bytes).
    Removing stm32f4xx_hal_flash.o(.text.HAL_FLASH_OB_Unlock), (42 bytes).
    Removing stm32f4xx_hal_flash.o(.ARM.exidx.text.HAL_FLASH_OB_Unlock), (8 bytes).
    Removing stm32f4xx_hal_flash.o(.text.HAL_FLASH_OB_Lock), (20 bytes).
    Removing stm32f4xx_hal_flash.o(.ARM.exidx.text.HAL_FLASH_OB_Lock), (8 bytes).
    Removing stm32f4xx_hal_flash.o(.text.HAL_FLASH_OB_Launch), (28 bytes).
    Removing stm32f4xx_hal_flash.o(.ARM.exidx.text.HAL_FLASH_OB_Launch), (8 bytes).
    Removing stm32f4xx_hal_flash.o(.text.HAL_FLASH_GetError), (12 bytes).
    Removing stm32f4xx_hal_flash.o(.ARM.exidx.text.HAL_FLASH_GetError), (8 bytes).
    Removing stm32f4xx_hal_flash.o(.bss.pFlash), (32 bytes).
    Removing stm32f4xx_hal_flash_ex.o(.text), (0 bytes).
    Removing stm32f4xx_hal_flash_ex.o(.text.HAL_FLASHEx_Erase), (182 bytes).
    Removing stm32f4xx_hal_flash_ex.o(.ARM.exidx.text.HAL_FLASHEx_Erase), (8 bytes).
    Removing stm32f4xx_hal_flash_ex.o(.text.FLASH_MassErase), (54 bytes).
    Removing stm32f4xx_hal_flash_ex.o(.ARM.exidx.text.FLASH_MassErase), (8 bytes).
    Removing stm32f4xx_hal_flash_ex.o(.text.FLASH_Erase_Sector), (84 bytes).
    Removing stm32f4xx_hal_flash_ex.o(.ARM.exidx.text.FLASH_Erase_Sector), (8 bytes).
    Removing stm32f4xx_hal_flash_ex.o(.text.FLASH_FlushCaches), (88 bytes).
    Removing stm32f4xx_hal_flash_ex.o(.ARM.exidx.text.FLASH_FlushCaches), (8 bytes).
    Removing stm32f4xx_hal_flash_ex.o(.text.HAL_FLASHEx_Erase_IT), (108 bytes).
    Removing stm32f4xx_hal_flash_ex.o(.ARM.exidx.text.HAL_FLASHEx_Erase_IT), (8 bytes).
    Removing stm32f4xx_hal_flash_ex.o(.text.HAL_FLASHEx_OBProgram), (108 bytes).
    Removing stm32f4xx_hal_flash_ex.o(.ARM.exidx.text.HAL_FLASHEx_OBProgram), (8 bytes).
    Removing stm32f4xx_hal_flash_ex.o(.text.FLASH_OB_EnableWRP), (122 bytes).
    Removing stm32f4xx_hal_flash_ex.o(.ARM.exidx.text.FLASH_OB_EnableWRP), (8 bytes).
    Removing stm32f4xx_hal_flash_ex.o(.text.FLASH_OB_DisableWRP), (126 bytes).
    Removing stm32f4xx_hal_flash_ex.o(.ARM.exidx.text.FLASH_OB_DisableWRP), (8 bytes).
    Removing stm32f4xx_hal_flash_ex.o(.text.FLASH_OB_RDP_LevelConfig), (30 bytes).
    Removing stm32f4xx_hal_flash_ex.o(.ARM.exidx.text.FLASH_OB_RDP_LevelConfig), (8 bytes).
    Removing stm32f4xx_hal_flash_ex.o(.text.FLASH_OB_UserConfig), (48 bytes).
    Removing stm32f4xx_hal_flash_ex.o(.ARM.exidx.text.FLASH_OB_UserConfig), (8 bytes).
    Removing stm32f4xx_hal_flash_ex.o(.text.FLASH_OB_BOR_LevelConfig), (24 bytes).
    Removing stm32f4xx_hal_flash_ex.o(.ARM.exidx.text.FLASH_OB_BOR_LevelConfig), (8 bytes).
    Removing stm32f4xx_hal_flash_ex.o(.text.HAL_FLASHEx_OBGetConfig), (34 bytes).
    Removing stm32f4xx_hal_flash_ex.o(.ARM.exidx.text.HAL_FLASHEx_OBGetConfig), (8 bytes).
    Removing stm32f4xx_hal_flash_ex.o(.text.FLASH_OB_GetWRP), (12 bytes).
    Removing stm32f4xx_hal_flash_ex.o(.ARM.exidx.text.FLASH_OB_GetWRP), (8 bytes).
    Removing stm32f4xx_hal_flash_ex.o(.text.FLASH_OB_GetRDP), (28 bytes).
    Removing stm32f4xx_hal_flash_ex.o(.ARM.exidx.text.FLASH_OB_GetRDP), (8 bytes).
    Removing stm32f4xx_hal_flash_ex.o(.text.FLASH_OB_GetUser), (16 bytes).
    Removing stm32f4xx_hal_flash_ex.o(.ARM.exidx.text.FLASH_OB_GetUser), (8 bytes).
    Removing stm32f4xx_hal_flash_ex.o(.text.FLASH_OB_GetBOR), (16 bytes).
    Removing stm32f4xx_hal_flash_ex.o(.ARM.exidx.text.FLASH_OB_GetBOR), (8 bytes).
    Removing stm32f4xx_hal_flash_ex.o(.text.HAL_FLASHEx_AdvOBProgram), (52 bytes).
    Removing stm32f4xx_hal_flash_ex.o(.ARM.exidx.text.HAL_FLASHEx_AdvOBProgram), (8 bytes).
    Removing stm32f4xx_hal_flash_ex.o(.text.FLASH_OB_EnablePCROP), (80 bytes).
    Removing stm32f4xx_hal_flash_ex.o(.ARM.exidx.text.FLASH_OB_EnablePCROP), (8 bytes).
    Removing stm32f4xx_hal_flash_ex.o(.text.FLASH_OB_DisablePCROP), (80 bytes).
    Removing stm32f4xx_hal_flash_ex.o(.ARM.exidx.text.FLASH_OB_DisablePCROP), (8 bytes).
    Removing stm32f4xx_hal_flash_ex.o(.text.FLASH_OB_BootConfig), (42 bytes).
    Removing stm32f4xx_hal_flash_ex.o(.ARM.exidx.text.FLASH_OB_BootConfig), (8 bytes).
    Removing stm32f4xx_hal_flash_ex.o(.text.HAL_FLASHEx_AdvOBGetConfig), (22 bytes).
    Removing stm32f4xx_hal_flash_ex.o(.ARM.exidx.text.HAL_FLASHEx_AdvOBGetConfig), (8 bytes).
    Removing stm32f4xx_hal_flash_ex.o(.text.HAL_FLASHEx_OB_SelectPCROP), (20 bytes).
    Removing stm32f4xx_hal_flash_ex.o(.ARM.exidx.text.HAL_FLASHEx_OB_SelectPCROP), (8 bytes).
    Removing stm32f4xx_hal_flash_ex.o(.text.HAL_FLASHEx_OB_DeSelectPCROP), (20 bytes).
    Removing stm32f4xx_hal_flash_ex.o(.ARM.exidx.text.HAL_FLASHEx_OB_DeSelectPCROP), (8 bytes).
    Removing stm32f4xx_hal_flash_ex.o(.text.HAL_FLASHEx_OB_GetBank2WRP), (12 bytes).
    Removing stm32f4xx_hal_flash_ex.o(.ARM.exidx.text.HAL_FLASHEx_OB_GetBank2WRP), (8 bytes).
    Removing stm32f4xx_hal_gpio.o(.text), (0 bytes).
    Removing stm32f4xx_hal_gpio.o(.ARM.exidx.text.HAL_GPIO_Init), (8 bytes).
    Removing stm32f4xx_hal_gpio.o(.text.HAL_GPIO_DeInit), (262 bytes).
    Removing stm32f4xx_hal_gpio.o(.ARM.exidx.text.HAL_GPIO_DeInit), (8 bytes).
    Removing stm32f4xx_hal_gpio.o(.ARM.exidx.text.HAL_GPIO_ReadPin), (8 bytes).
    Removing stm32f4xx_hal_gpio.o(.ARM.exidx.text.HAL_GPIO_WritePin), (8 bytes).
    Removing stm32f4xx_hal_gpio.o(.text.HAL_GPIO_TogglePin), (14 bytes).
    Removing stm32f4xx_hal_gpio.o(.ARM.exidx.text.HAL_GPIO_TogglePin), (8 bytes).
    Removing stm32f4xx_hal_gpio.o(.text.HAL_GPIO_LockPin), (40 bytes).
    Removing stm32f4xx_hal_gpio.o(.ARM.exidx.text.HAL_GPIO_LockPin), (8 bytes).
    Removing stm32f4xx_hal_gpio.o(.ARM.exidx.text.HAL_GPIO_EXTI_IRQHandler), (8 bytes).
    Removing stm32f4xx_hal_gpio.o(.text.HAL_GPIO_EXTI_Callback), (2 bytes).
    Removing stm32f4xx_hal_gpio.o(.ARM.exidx.text.HAL_GPIO_EXTI_Callback), (8 bytes).
    Removing stm32f4xx_hal_i2c.o(.text), (0 bytes).
    Removing stm32f4xx_hal_i2c.o(.text.HAL_I2C_Init), (408 bytes).
    Removing stm32f4xx_hal_i2c.o(.ARM.exidx.text.HAL_I2C_Init), (8 bytes).
    Removing stm32f4xx_hal_i2c.o(.text.HAL_I2C_MspInit), (2 bytes).
    Removing stm32f4xx_hal_i2c.o(.ARM.exidx.text.HAL_I2C_MspInit), (8 bytes).
    Removing stm32f4xx_hal_i2c.o(.text.HAL_I2C_DeInit), (54 bytes).
    Removing stm32f4xx_hal_i2c.o(.ARM.exidx.text.HAL_I2C_DeInit), (8 bytes).
    Removing stm32f4xx_hal_i2c.o(.text.HAL_I2C_MspDeInit), (2 bytes).
    Removing stm32f4xx_hal_i2c.o(.ARM.exidx.text.HAL_I2C_MspDeInit), (8 bytes).
    Removing stm32f4xx_hal_i2c.o(.text.HAL_I2C_Master_Transmit), (312 bytes).
    Removing stm32f4xx_hal_i2c.o(.ARM.exidx.text.HAL_I2C_Master_Transmit), (8 bytes).
    Removing stm32f4xx_hal_i2c.o(.text.I2C_WaitOnFlagUntilTimeout), (116 bytes).
    Removing stm32f4xx_hal_i2c.o(.ARM.exidx.text.I2C_WaitOnFlagUntilTimeout), (8 bytes).
    Removing stm32f4xx_hal_i2c.o(.text.I2C_MasterRequestWrite), (176 bytes).
    Removing stm32f4xx_hal_i2c.o(.ARM.exidx.text.I2C_MasterRequestWrite), (8 bytes).
    Removing stm32f4xx_hal_i2c.o(.text.I2C_WaitOnTXEFlagUntilTimeout), (94 bytes).
    Removing stm32f4xx_hal_i2c.o(.ARM.exidx.text.I2C_WaitOnTXEFlagUntilTimeout), (8 bytes).
    Removing stm32f4xx_hal_i2c.o(.text.I2C_WaitOnBTFFlagUntilTimeout), (94 bytes).
    Removing stm32f4xx_hal_i2c.o(.ARM.exidx.text.I2C_WaitOnBTFFlagUntilTimeout), (8 bytes).
    Removing stm32f4xx_hal_i2c.o(.text.HAL_I2C_Master_Receive), (518 bytes).
    Removing stm32f4xx_hal_i2c.o(.ARM.exidx.text.HAL_I2C_Master_Receive), (8 bytes).
    Removing stm32f4xx_hal_i2c.o(.text.I2C_MasterRequestRead), (254 bytes).
    Removing stm32f4xx_hal_i2c.o(.ARM.exidx.text.I2C_MasterRequestRead), (8 bytes).
    Removing stm32f4xx_hal_i2c.o(.text.I2C_WaitOnRXNEFlagUntilTimeout), (94 bytes).
    Removing stm32f4xx_hal_i2c.o(.ARM.exidx.text.I2C_WaitOnRXNEFlagUntilTimeout), (8 bytes).
    Removing stm32f4xx_hal_i2c.o(.text.HAL_I2C_Slave_Transmit), (366 bytes).
    Removing stm32f4xx_hal_i2c.o(.ARM.exidx.text.HAL_I2C_Slave_Transmit), (8 bytes).
    Removing stm32f4xx_hal_i2c.o(.text.HAL_I2C_Slave_Receive), (342 bytes).
    Removing stm32f4xx_hal_i2c.o(.ARM.exidx.text.HAL_I2C_Slave_Receive), (8 bytes).
    Removing stm32f4xx_hal_i2c.o(.text.I2C_WaitOnSTOPFlagUntilTimeout), (74 bytes).
    Removing stm32f4xx_hal_i2c.o(.ARM.exidx.text.I2C_WaitOnSTOPFlagUntilTimeout), (8 bytes).
    Removing stm32f4xx_hal_i2c.o(.text.HAL_I2C_Master_Transmit_IT), (276 bytes).
    Removing stm32f4xx_hal_i2c.o(.ARM.exidx.text.HAL_I2C_Master_Transmit_IT), (8 bytes).
    Removing stm32f4xx_hal_i2c.o(.text.HAL_I2C_Master_Receive_IT), (288 bytes).
    Removing stm32f4xx_hal_i2c.o(.ARM.exidx.text.HAL_I2C_Master_Receive_IT), (8 bytes).
    Removing stm32f4xx_hal_i2c.o(.text.HAL_I2C_Slave_Transmit_IT), (142 bytes).
    Removing stm32f4xx_hal_i2c.o(.ARM.exidx.text.HAL_I2C_Slave_Transmit_IT), (8 bytes).
    Removing stm32f4xx_hal_i2c.o(.text.HAL_I2C_Slave_Receive_IT), (142 bytes).
    Removing stm32f4xx_hal_i2c.o(.ARM.exidx.text.HAL_I2C_Slave_Receive_IT), (8 bytes).
    Removing stm32f4xx_hal_i2c.o(.text.HAL_I2C_Master_Transmit_DMA), (322 bytes).
    Removing stm32f4xx_hal_i2c.o(.ARM.exidx.text.HAL_I2C_Master_Transmit_DMA), (8 bytes).
    Removing stm32f4xx_hal_i2c.o(.text.I2C_DMAXferCplt), (282 bytes).
    Removing stm32f4xx_hal_i2c.o(.ARM.exidx.text.I2C_DMAXferCplt), (8 bytes).
    Removing stm32f4xx_hal_i2c.o(.text.I2C_DMAError), (74 bytes).
    Removing stm32f4xx_hal_i2c.o(.ARM.exidx.text.I2C_DMAError), (8 bytes).
    Removing stm32f4xx_hal_i2c.o(.text.HAL_I2C_Master_Receive_DMA), (320 bytes).
    Removing stm32f4xx_hal_i2c.o(.ARM.exidx.text.HAL_I2C_Master_Receive_DMA), (8 bytes).
    Removing stm32f4xx_hal_i2c.o(.text.HAL_I2C_Slave_Transmit_DMA), (214 bytes).
    Removing stm32f4xx_hal_i2c.o(.ARM.exidx.text.HAL_I2C_Slave_Transmit_DMA), (8 bytes).
    Removing stm32f4xx_hal_i2c.o(.text.HAL_I2C_Slave_Receive_DMA), (208 bytes).
    Removing stm32f4xx_hal_i2c.o(.ARM.exidx.text.HAL_I2C_Slave_Receive_DMA), (8 bytes).
    Removing stm32f4xx_hal_i2c.o(.text.HAL_I2C_Mem_Write), (298 bytes).
    Removing stm32f4xx_hal_i2c.o(.ARM.exidx.text.HAL_I2C_Mem_Write), (8 bytes).
    Removing stm32f4xx_hal_i2c.o(.text.I2C_RequestMemoryWrite), (192 bytes).
    Removing stm32f4xx_hal_i2c.o(.ARM.exidx.text.I2C_RequestMemoryWrite), (8 bytes).
    Removing stm32f4xx_hal_i2c.o(.text.HAL_I2C_Mem_Read), (526 bytes).
    Removing stm32f4xx_hal_i2c.o(.ARM.exidx.text.HAL_I2C_Mem_Read), (8 bytes).
    Removing stm32f4xx_hal_i2c.o(.text.I2C_RequestMemoryRead), (268 bytes).
    Removing stm32f4xx_hal_i2c.o(.ARM.exidx.text.I2C_RequestMemoryRead), (8 bytes).
    Removing stm32f4xx_hal_i2c.o(.text.HAL_I2C_Mem_Write_IT), (244 bytes).
    Removing stm32f4xx_hal_i2c.o(.ARM.exidx.text.HAL_I2C_Mem_Write_IT), (8 bytes).
    Removing stm32f4xx_hal_i2c.o(.text.HAL_I2C_Mem_Read_IT), (262 bytes).
    Removing stm32f4xx_hal_i2c.o(.ARM.exidx.text.HAL_I2C_Mem_Read_IT), (8 bytes).
    Removing stm32f4xx_hal_i2c.o(.text.HAL_I2C_Mem_Write_DMA), (388 bytes).
    Removing stm32f4xx_hal_i2c.o(.ARM.exidx.text.HAL_I2C_Mem_Write_DMA), (8 bytes).
    Removing stm32f4xx_hal_i2c.o(.text.HAL_I2C_Mem_Read_DMA), (452 bytes).
    Removing stm32f4xx_hal_i2c.o(.ARM.exidx.text.HAL_I2C_Mem_Read_DMA), (8 bytes).
    Removing stm32f4xx_hal_i2c.o(.text.HAL_I2C_IsDeviceReady), (416 bytes).
    Removing stm32f4xx_hal_i2c.o(.ARM.exidx.text.HAL_I2C_IsDeviceReady), (8 bytes).
    Removing stm32f4xx_hal_i2c.o(.text.HAL_I2C_Master_Seq_Transmit_IT), (278 bytes).
    Removing stm32f4xx_hal_i2c.o(.ARM.exidx.text.HAL_I2C_Master_Seq_Transmit_IT), (8 bytes).
    Removing stm32f4xx_hal_i2c.o(.text.HAL_I2C_Master_Seq_Transmit_DMA), (396 bytes).
    Removing stm32f4xx_hal_i2c.o(.ARM.exidx.text.HAL_I2C_Master_Seq_Transmit_DMA), (8 bytes).
    Removing stm32f4xx_hal_i2c.o(.text.HAL_I2C_Master_Seq_Receive_IT), (342 bytes).
    Removing stm32f4xx_hal_i2c.o(.ARM.exidx.text.HAL_I2C_Master_Seq_Receive_IT), (8 bytes).
    Removing stm32f4xx_hal_i2c.o(.text.HAL_I2C_Master_Seq_Receive_DMA), (526 bytes).
    Removing stm32f4xx_hal_i2c.o(.ARM.exidx.text.HAL_I2C_Master_Seq_Receive_DMA), (8 bytes).
    Removing stm32f4xx_hal_i2c.o(.text.HAL_I2C_Slave_Seq_Transmit_IT), (172 bytes).
    Removing stm32f4xx_hal_i2c.o(.ARM.exidx.text.HAL_I2C_Slave_Seq_Transmit_IT), (8 bytes).
    Removing stm32f4xx_hal_i2c.o(.text.HAL_I2C_Slave_Seq_Transmit_DMA), (324 bytes).
    Removing stm32f4xx_hal_i2c.o(.ARM.exidx.text.HAL_I2C_Slave_Seq_Transmit_DMA), (8 bytes).
    Removing stm32f4xx_hal_i2c.o(.text.I2C_DMAAbort), (224 bytes).
    Removing stm32f4xx_hal_i2c.o(.ARM.exidx.text.I2C_DMAAbort), (8 bytes).
    Removing stm32f4xx_hal_i2c.o(.text.HAL_I2C_Slave_Seq_Receive_IT), (172 bytes).
    Removing stm32f4xx_hal_i2c.o(.ARM.exidx.text.HAL_I2C_Slave_Seq_Receive_IT), (8 bytes).
    Removing stm32f4xx_hal_i2c.o(.text.HAL_I2C_Slave_Seq_Receive_DMA), (324 bytes).
    Removing stm32f4xx_hal_i2c.o(.ARM.exidx.text.HAL_I2C_Slave_Seq_Receive_DMA), (8 bytes).
    Removing stm32f4xx_hal_i2c.o(.text.HAL_I2C_EnableListen_IT), (54 bytes).
    Removing stm32f4xx_hal_i2c.o(.ARM.exidx.text.HAL_I2C_EnableListen_IT), (8 bytes).
    Removing stm32f4xx_hal_i2c.o(.text.HAL_I2C_DisableListen_IT), (64 bytes).
    Removing stm32f4xx_hal_i2c.o(.ARM.exidx.text.HAL_I2C_DisableListen_IT), (8 bytes).
    Removing stm32f4xx_hal_i2c.o(.text.HAL_I2C_Master_Abort_IT), (84 bytes).
    Removing stm32f4xx_hal_i2c.o(.ARM.exidx.text.HAL_I2C_Master_Abort_IT), (8 bytes).
    Removing stm32f4xx_hal_i2c.o(.text.I2C_ITError), (336 bytes).
    Removing stm32f4xx_hal_i2c.o(.ARM.exidx.text.I2C_ITError), (8 bytes).
    Removing stm32f4xx_hal_i2c.o(.text.HAL_I2C_EV_IRQHandler), (384 bytes).
    Removing stm32f4xx_hal_i2c.o(.ARM.exidx.text.HAL_I2C_EV_IRQHandler), (8 bytes).
    Removing stm32f4xx_hal_i2c.o(.text.I2C_ConvertOtherXferOptions), (30 bytes).
    Removing stm32f4xx_hal_i2c.o(.ARM.exidx.text.I2C_ConvertOtherXferOptions), (8 bytes).
    Removing stm32f4xx_hal_i2c.o(.text.I2C_Master_SB), (136 bytes).
    Removing stm32f4xx_hal_i2c.o(.ARM.exidx.text.I2C_Master_SB), (8 bytes).
    Removing stm32f4xx_hal_i2c.o(.text.I2C_Master_ADD10), (40 bytes).
    Removing stm32f4xx_hal_i2c.o(.ARM.exidx.text.I2C_Master_ADD10), (8 bytes).
    Removing stm32f4xx_hal_i2c.o(.text.I2C_Master_ADDR), (394 bytes).
    Removing stm32f4xx_hal_i2c.o(.ARM.exidx.text.I2C_Master_ADDR), (8 bytes).
    Removing stm32f4xx_hal_i2c.o(.text.I2C_MasterTransmit_TXE), (184 bytes).
    Removing stm32f4xx_hal_i2c.o(.ARM.exidx.text.I2C_MasterTransmit_TXE), (8 bytes).
    Removing stm32f4xx_hal_i2c.o(.text.I2C_MasterTransmit_BTF), (122 bytes).
    Removing stm32f4xx_hal_i2c.o(.ARM.exidx.text.I2C_MasterTransmit_BTF), (8 bytes).
    Removing stm32f4xx_hal_i2c.o(.text.I2C_MemoryTransmit_TXE_BTF), (166 bytes).
    Removing stm32f4xx_hal_i2c.o(.ARM.exidx.text.I2C_MemoryTransmit_TXE_BTF), (8 bytes).
    Removing stm32f4xx_hal_i2c.o(.text.I2C_MasterReceive_RXNE), (200 bytes).
    Removing stm32f4xx_hal_i2c.o(.ARM.exidx.text.I2C_MasterReceive_RXNE), (8 bytes).
    Removing stm32f4xx_hal_i2c.o(.text.I2C_MasterReceive_BTF), (232 bytes).
    Removing stm32f4xx_hal_i2c.o(.ARM.exidx.text.I2C_MasterReceive_BTF), (8 bytes).
    Removing stm32f4xx_hal_i2c.o(.text.I2C_Slave_ADDR), (70 bytes).
    Removing stm32f4xx_hal_i2c.o(.ARM.exidx.text.I2C_Slave_ADDR), (8 bytes).
    Removing stm32f4xx_hal_i2c.o(.text.I2C_Slave_STOPF), (354 bytes).
    Removing stm32f4xx_hal_i2c.o(.ARM.exidx.text.I2C_Slave_STOPF), (8 bytes).
    Removing stm32f4xx_hal_i2c.o(.text.I2C_SlaveTransmit_TXE), (72 bytes).
    Removing stm32f4xx_hal_i2c.o(.ARM.exidx.text.I2C_SlaveTransmit_TXE), (8 bytes).
    Removing stm32f4xx_hal_i2c.o(.text.I2C_SlaveTransmit_BTF), (28 bytes).
    Removing stm32f4xx_hal_i2c.o(.ARM.exidx.text.I2C_SlaveTransmit_BTF), (8 bytes).
    Removing stm32f4xx_hal_i2c.o(.text.I2C_SlaveReceive_RXNE), (76 bytes).
    Removing stm32f4xx_hal_i2c.o(.ARM.exidx.text.I2C_SlaveReceive_RXNE), (8 bytes).
    Removing stm32f4xx_hal_i2c.o(.text.I2C_SlaveReceive_BTF), (30 bytes).
    Removing stm32f4xx_hal_i2c.o(.ARM.exidx.text.I2C_SlaveReceive_BTF), (8 bytes).
    Removing stm32f4xx_hal_i2c.o(.text.HAL_I2C_ER_IRQHandler), (164 bytes).
    Removing stm32f4xx_hal_i2c.o(.ARM.exidx.text.HAL_I2C_ER_IRQHandler), (8 bytes).
    Removing stm32f4xx_hal_i2c.o(.text.I2C_Slave_AF), (144 bytes).
    Removing stm32f4xx_hal_i2c.o(.ARM.exidx.text.I2C_Slave_AF), (8 bytes).
    Removing stm32f4xx_hal_i2c.o(.text.HAL_I2C_MasterTxCpltCallback), (2 bytes).
    Removing stm32f4xx_hal_i2c.o(.ARM.exidx.text.HAL_I2C_MasterTxCpltCallback), (8 bytes).
    Removing stm32f4xx_hal_i2c.o(.text.HAL_I2C_MasterRxCpltCallback), (2 bytes).
    Removing stm32f4xx_hal_i2c.o(.ARM.exidx.text.HAL_I2C_MasterRxCpltCallback), (8 bytes).
    Removing stm32f4xx_hal_i2c.o(.text.HAL_I2C_SlaveTxCpltCallback), (2 bytes).
    Removing stm32f4xx_hal_i2c.o(.ARM.exidx.text.HAL_I2C_SlaveTxCpltCallback), (8 bytes).
    Removing stm32f4xx_hal_i2c.o(.text.HAL_I2C_SlaveRxCpltCallback), (2 bytes).
    Removing stm32f4xx_hal_i2c.o(.ARM.exidx.text.HAL_I2C_SlaveRxCpltCallback), (8 bytes).
    Removing stm32f4xx_hal_i2c.o(.text.HAL_I2C_AddrCallback), (2 bytes).
    Removing stm32f4xx_hal_i2c.o(.ARM.exidx.text.HAL_I2C_AddrCallback), (8 bytes).
    Removing stm32f4xx_hal_i2c.o(.text.HAL_I2C_ListenCpltCallback), (2 bytes).
    Removing stm32f4xx_hal_i2c.o(.ARM.exidx.text.HAL_I2C_ListenCpltCallback), (8 bytes).
    Removing stm32f4xx_hal_i2c.o(.text.HAL_I2C_MemTxCpltCallback), (2 bytes).
    Removing stm32f4xx_hal_i2c.o(.ARM.exidx.text.HAL_I2C_MemTxCpltCallback), (8 bytes).
    Removing stm32f4xx_hal_i2c.o(.text.HAL_I2C_MemRxCpltCallback), (2 bytes).
    Removing stm32f4xx_hal_i2c.o(.ARM.exidx.text.HAL_I2C_MemRxCpltCallback), (8 bytes).
    Removing stm32f4xx_hal_i2c.o(.text.HAL_I2C_ErrorCallback), (2 bytes).
    Removing stm32f4xx_hal_i2c.o(.ARM.exidx.text.HAL_I2C_ErrorCallback), (8 bytes).
    Removing stm32f4xx_hal_i2c.o(.text.HAL_I2C_AbortCpltCallback), (2 bytes).
    Removing stm32f4xx_hal_i2c.o(.ARM.exidx.text.HAL_I2C_AbortCpltCallback), (8 bytes).
    Removing stm32f4xx_hal_i2c.o(.text.HAL_I2C_GetState), (6 bytes).
    Removing stm32f4xx_hal_i2c.o(.ARM.exidx.text.HAL_I2C_GetState), (8 bytes).
    Removing stm32f4xx_hal_i2c.o(.text.HAL_I2C_GetMode), (6 bytes).
    Removing stm32f4xx_hal_i2c.o(.ARM.exidx.text.HAL_I2C_GetMode), (8 bytes).
    Removing stm32f4xx_hal_i2c.o(.text.HAL_I2C_GetError), (4 bytes).
    Removing stm32f4xx_hal_i2c.o(.ARM.exidx.text.HAL_I2C_GetError), (8 bytes).
    Removing stm32f4xx_hal_i2c.o(.text.I2C_WaitOnSTOPRequestThroughIT), (78 bytes).
    Removing stm32f4xx_hal_i2c.o(.ARM.exidx.text.I2C_WaitOnSTOPRequestThroughIT), (8 bytes).
    Removing stm32f4xx_hal_i2c.o(.text.I2C_WaitOnMasterAddressFlagUntilTimeout), (140 bytes).
    Removing stm32f4xx_hal_i2c.o(.ARM.exidx.text.I2C_WaitOnMasterAddressFlagUntilTimeout), (8 bytes).
    Removing stm32f4xx_hal_i2c.o(.text.I2C_IsAcknowledgeFailed), (48 bytes).
    Removing stm32f4xx_hal_i2c.o(.ARM.exidx.text.I2C_IsAcknowledgeFailed), (8 bytes).
    Removing stm32f4xx_hal_i2c_ex.o(.text), (0 bytes).
    Removing stm32f4xx_hal_i2c_ex.o(.text.HAL_I2CEx_ConfigAnalogFilter), (60 bytes).
    Removing stm32f4xx_hal_i2c_ex.o(.ARM.exidx.text.HAL_I2CEx_ConfigAnalogFilter), (8 bytes).
    Removing stm32f4xx_hal_i2c_ex.o(.text.HAL_I2CEx_ConfigDigitalFilter), (64 bytes).
    Removing stm32f4xx_hal_i2c_ex.o(.ARM.exidx.text.HAL_I2CEx_ConfigDigitalFilter), (8 bytes).
    Removing stm32f4xx_hal_ltdc.o(.text), (0 bytes).
    Removing stm32f4xx_hal_ltdc.o(.ARM.exidx.text.HAL_LTDC_Init), (8 bytes).
    Removing stm32f4xx_hal_ltdc.o(.ARM.exidx.text.HAL_LTDC_MspInit), (8 bytes).
    Removing stm32f4xx_hal_ltdc.o(.text.HAL_LTDC_DeInit), (26 bytes).
    Removing stm32f4xx_hal_ltdc.o(.ARM.exidx.text.HAL_LTDC_DeInit), (8 bytes).
    Removing stm32f4xx_hal_ltdc.o(.text.HAL_LTDC_MspDeInit), (2 bytes).
    Removing stm32f4xx_hal_ltdc.o(.ARM.exidx.text.HAL_LTDC_MspDeInit), (8 bytes).
    Removing stm32f4xx_hal_ltdc.o(.text.HAL_LTDC_IRQHandler), (190 bytes).
    Removing stm32f4xx_hal_ltdc.o(.ARM.exidx.text.HAL_LTDC_IRQHandler), (8 bytes).
    Removing stm32f4xx_hal_ltdc.o(.text.HAL_LTDC_ErrorCallback), (2 bytes).
    Removing stm32f4xx_hal_ltdc.o(.ARM.exidx.text.HAL_LTDC_ErrorCallback), (8 bytes).
    Removing stm32f4xx_hal_ltdc.o(.text.HAL_LTDC_LineEventCallback), (2 bytes).
    Removing stm32f4xx_hal_ltdc.o(.ARM.exidx.text.HAL_LTDC_LineEventCallback), (8 bytes).
    Removing stm32f4xx_hal_ltdc.o(.text.HAL_LTDC_ReloadEventCallback), (2 bytes).
    Removing stm32f4xx_hal_ltdc.o(.ARM.exidx.text.HAL_LTDC_ReloadEventCallback), (8 bytes).
    Removing stm32f4xx_hal_ltdc.o(.ARM.exidx.text.HAL_LTDC_ConfigLayer), (8 bytes).
    Removing stm32f4xx_hal_ltdc.o(.ARM.exidx.text.LTDC_SetConfig), (8 bytes).
    Removing stm32f4xx_hal_ltdc.o(.text.HAL_LTDC_ConfigColorKeying), (60 bytes).
    Removing stm32f4xx_hal_ltdc.o(.ARM.exidx.text.HAL_LTDC_ConfigColorKeying), (8 bytes).
    Removing stm32f4xx_hal_ltdc.o(.text.HAL_LTDC_ConfigCLUT), (120 bytes).
    Removing stm32f4xx_hal_ltdc.o(.ARM.exidx.text.HAL_LTDC_ConfigCLUT), (8 bytes).
    Removing stm32f4xx_hal_ltdc.o(.text.HAL_LTDC_EnableColorKeying), (52 bytes).
    Removing stm32f4xx_hal_ltdc.o(.ARM.exidx.text.HAL_LTDC_EnableColorKeying), (8 bytes).
    Removing stm32f4xx_hal_ltdc.o(.text.HAL_LTDC_DisableColorKeying), (52 bytes).
    Removing stm32f4xx_hal_ltdc.o(.ARM.exidx.text.HAL_LTDC_DisableColorKeying), (8 bytes).
    Removing stm32f4xx_hal_ltdc.o(.text.HAL_LTDC_EnableCLUT), (52 bytes).
    Removing stm32f4xx_hal_ltdc.o(.ARM.exidx.text.HAL_LTDC_EnableCLUT), (8 bytes).
    Removing stm32f4xx_hal_ltdc.o(.text.HAL_LTDC_DisableCLUT), (52 bytes).
    Removing stm32f4xx_hal_ltdc.o(.ARM.exidx.text.HAL_LTDC_DisableCLUT), (8 bytes).
    Removing stm32f4xx_hal_ltdc.o(.ARM.exidx.text.HAL_LTDC_EnableDither), (8 bytes).
    Removing stm32f4xx_hal_ltdc.o(.text.HAL_LTDC_DisableDither), (48 bytes).
    Removing stm32f4xx_hal_ltdc.o(.ARM.exidx.text.HAL_LTDC_DisableDither), (8 bytes).
    Removing stm32f4xx_hal_ltdc.o(.text.HAL_LTDC_SetWindowSize), (80 bytes).
    Removing stm32f4xx_hal_ltdc.o(.ARM.exidx.text.HAL_LTDC_SetWindowSize), (8 bytes).
    Removing stm32f4xx_hal_ltdc.o(.text.HAL_LTDC_SetWindowPosition), (80 bytes).
    Removing stm32f4xx_hal_ltdc.o(.ARM.exidx.text.HAL_LTDC_SetWindowPosition), (8 bytes).
    Removing stm32f4xx_hal_ltdc.o(.text.HAL_LTDC_SetPixelFormat), (64 bytes).
    Removing stm32f4xx_hal_ltdc.o(.ARM.exidx.text.HAL_LTDC_SetPixelFormat), (8 bytes).
    Removing stm32f4xx_hal_ltdc.o(.text.HAL_LTDC_SetAlpha), (64 bytes).
    Removing stm32f4xx_hal_ltdc.o(.ARM.exidx.text.HAL_LTDC_SetAlpha), (8 bytes).
    Removing stm32f4xx_hal_ltdc.o(.text.HAL_LTDC_SetAddress), (64 bytes).
    Removing stm32f4xx_hal_ltdc.o(.ARM.exidx.text.HAL_LTDC_SetAddress), (8 bytes).
    Removing stm32f4xx_hal_ltdc.o(.text.HAL_LTDC_SetPitch), (156 bytes).
    Removing stm32f4xx_hal_ltdc.o(.ARM.exidx.text.HAL_LTDC_SetPitch), (8 bytes).
    Removing stm32f4xx_hal_ltdc.o(.text.HAL_LTDC_ProgramLineEvent), (60 bytes).
    Removing stm32f4xx_hal_ltdc.o(.ARM.exidx.text.HAL_LTDC_ProgramLineEvent), (8 bytes).
    Removing stm32f4xx_hal_ltdc.o(.text.HAL_LTDC_Reload), (44 bytes).
    Removing stm32f4xx_hal_ltdc.o(.ARM.exidx.text.HAL_LTDC_Reload), (8 bytes).
    Removing stm32f4xx_hal_ltdc.o(.text.HAL_LTDC_ConfigLayer_NoReload), (112 bytes).
    Removing stm32f4xx_hal_ltdc.o(.ARM.exidx.text.HAL_LTDC_ConfigLayer_NoReload), (8 bytes).
    Removing stm32f4xx_hal_ltdc.o(.text.HAL_LTDC_SetWindowSize_NoReload), (76 bytes).
    Removing stm32f4xx_hal_ltdc.o(.ARM.exidx.text.HAL_LTDC_SetWindowSize_NoReload), (8 bytes).
    Removing stm32f4xx_hal_ltdc.o(.text.HAL_LTDC_SetWindowPosition_NoReload), (76 bytes).
    Removing stm32f4xx_hal_ltdc.o(.ARM.exidx.text.HAL_LTDC_SetWindowPosition_NoReload), (8 bytes).
    Removing stm32f4xx_hal_ltdc.o(.text.HAL_LTDC_SetPixelFormat_NoReload), (60 bytes).
    Removing stm32f4xx_hal_ltdc.o(.ARM.exidx.text.HAL_LTDC_SetPixelFormat_NoReload), (8 bytes).
    Removing stm32f4xx_hal_ltdc.o(.text.HAL_LTDC_SetAlpha_NoReload), (60 bytes).
    Removing stm32f4xx_hal_ltdc.o(.ARM.exidx.text.HAL_LTDC_SetAlpha_NoReload), (8 bytes).
    Removing stm32f4xx_hal_ltdc.o(.text.HAL_LTDC_SetAddress_NoReload), (60 bytes).
    Removing stm32f4xx_hal_ltdc.o(.ARM.exidx.text.HAL_LTDC_SetAddress_NoReload), (8 bytes).
    Removing stm32f4xx_hal_ltdc.o(.text.HAL_LTDC_SetPitch_NoReload), (132 bytes).
    Removing stm32f4xx_hal_ltdc.o(.ARM.exidx.text.HAL_LTDC_SetPitch_NoReload), (8 bytes).
    Removing stm32f4xx_hal_ltdc.o(.text.HAL_LTDC_ConfigColorKeying_NoReload), (54 bytes).
    Removing stm32f4xx_hal_ltdc.o(.ARM.exidx.text.HAL_LTDC_ConfigColorKeying_NoReload), (8 bytes).
    Removing stm32f4xx_hal_ltdc.o(.text.HAL_LTDC_EnableColorKeying_NoReload), (50 bytes).
    Removing stm32f4xx_hal_ltdc.o(.ARM.exidx.text.HAL_LTDC_EnableColorKeying_NoReload), (8 bytes).
    Removing stm32f4xx_hal_ltdc.o(.text.HAL_LTDC_DisableColorKeying_NoReload), (50 bytes).
    Removing stm32f4xx_hal_ltdc.o(.ARM.exidx.text.HAL_LTDC_DisableColorKeying_NoReload), (8 bytes).
    Removing stm32f4xx_hal_ltdc.o(.text.HAL_LTDC_EnableCLUT_NoReload), (50 bytes).
    Removing stm32f4xx_hal_ltdc.o(.ARM.exidx.text.HAL_LTDC_EnableCLUT_NoReload), (8 bytes).
    Removing stm32f4xx_hal_ltdc.o(.text.HAL_LTDC_DisableCLUT_NoReload), (50 bytes).
    Removing stm32f4xx_hal_ltdc.o(.ARM.exidx.text.HAL_LTDC_DisableCLUT_NoReload), (8 bytes).
    Removing stm32f4xx_hal_ltdc.o(.text.HAL_LTDC_GetState), (6 bytes).
    Removing stm32f4xx_hal_ltdc.o(.ARM.exidx.text.HAL_LTDC_GetState), (8 bytes).
    Removing stm32f4xx_hal_ltdc.o(.text.HAL_LTDC_GetError), (6 bytes).
    Removing stm32f4xx_hal_ltdc.o(.ARM.exidx.text.HAL_LTDC_GetError), (8 bytes).
    Removing stm32f4xx_hal_pwr.o(.text), (0 bytes).
    Removing stm32f4xx_hal_pwr.o(.text.HAL_PWR_DeInit), (26 bytes).
    Removing stm32f4xx_hal_pwr.o(.ARM.exidx.text.HAL_PWR_DeInit), (8 bytes).
    Removing stm32f4xx_hal_pwr.o(.text.HAL_PWR_EnableBkUpAccess), (12 bytes).
    Removing stm32f4xx_hal_pwr.o(.ARM.exidx.text.HAL_PWR_EnableBkUpAccess), (8 bytes).
    Removing stm32f4xx_hal_pwr.o(.text.HAL_PWR_DisableBkUpAccess), (12 bytes).
    Removing stm32f4xx_hal_pwr.o(.ARM.exidx.text.HAL_PWR_DisableBkUpAccess), (8 bytes).
    Removing stm32f4xx_hal_pwr.o(.text.HAL_PWR_ConfigPVD), (128 bytes).
    Removing stm32f4xx_hal_pwr.o(.ARM.exidx.text.HAL_PWR_ConfigPVD), (8 bytes).
    Removing stm32f4xx_hal_pwr.o(.text.HAL_PWR_EnablePVD), (12 bytes).
    Removing stm32f4xx_hal_pwr.o(.ARM.exidx.text.HAL_PWR_EnablePVD), (8 bytes).
    Removing stm32f4xx_hal_pwr.o(.text.HAL_PWR_DisablePVD), (12 bytes).
    Removing stm32f4xx_hal_pwr.o(.ARM.exidx.text.HAL_PWR_DisablePVD), (8 bytes).
    Removing stm32f4xx_hal_pwr.o(.text.HAL_PWR_EnableWakeUpPin), (16 bytes).
    Removing stm32f4xx_hal_pwr.o(.ARM.exidx.text.HAL_PWR_EnableWakeUpPin), (8 bytes).
    Removing stm32f4xx_hal_pwr.o(.text.HAL_PWR_DisableWakeUpPin), (18 bytes).
    Removing stm32f4xx_hal_pwr.o(.ARM.exidx.text.HAL_PWR_DisableWakeUpPin), (8 bytes).
    Removing stm32f4xx_hal_pwr.o(.text.HAL_PWR_EnterSLEEPMode), (30 bytes).
    Removing stm32f4xx_hal_pwr.o(.ARM.exidx.text.HAL_PWR_EnterSLEEPMode), (8 bytes).
    Removing stm32f4xx_hal_pwr.o(.text.HAL_PWR_EnterSTOPMode), (60 bytes).
    Removing stm32f4xx_hal_pwr.o(.ARM.exidx.text.HAL_PWR_EnterSTOPMode), (8 bytes).
    Removing stm32f4xx_hal_pwr.o(.text.HAL_PWR_EnterSTANDBYMode), (36 bytes).
    Removing stm32f4xx_hal_pwr.o(.ARM.exidx.text.HAL_PWR_EnterSTANDBYMode), (8 bytes).
    Removing stm32f4xx_hal_pwr.o(.text.HAL_PWR_PVD_IRQHandler), (30 bytes).
    Removing stm32f4xx_hal_pwr.o(.ARM.exidx.text.HAL_PWR_PVD_IRQHandler), (8 bytes).
    Removing stm32f4xx_hal_pwr.o(.text.HAL_PWR_PVDCallback), (2 bytes).
    Removing stm32f4xx_hal_pwr.o(.ARM.exidx.text.HAL_PWR_PVDCallback), (8 bytes).
    Removing stm32f4xx_hal_pwr.o(.text.HAL_PWR_EnableSleepOnExit), (18 bytes).
    Removing stm32f4xx_hal_pwr.o(.ARM.exidx.text.HAL_PWR_EnableSleepOnExit), (8 bytes).
    Removing stm32f4xx_hal_pwr.o(.text.HAL_PWR_DisableSleepOnExit), (18 bytes).
    Removing stm32f4xx_hal_pwr.o(.ARM.exidx.text.HAL_PWR_DisableSleepOnExit), (8 bytes).
    Removing stm32f4xx_hal_pwr.o(.text.HAL_PWR_EnableSEVOnPend), (18 bytes).
    Removing stm32f4xx_hal_pwr.o(.ARM.exidx.text.HAL_PWR_EnableSEVOnPend), (8 bytes).
    Removing stm32f4xx_hal_pwr.o(.text.HAL_PWR_DisableSEVOnPend), (18 bytes).
    Removing stm32f4xx_hal_pwr.o(.ARM.exidx.text.HAL_PWR_DisableSEVOnPend), (8 bytes).
    Removing stm32f4xx_hal_pwr_ex.o(.text), (0 bytes).
    Removing stm32f4xx_hal_pwr_ex.o(.text.HAL_PWREx_EnableBkUpReg), (54 bytes).
    Removing stm32f4xx_hal_pwr_ex.o(.ARM.exidx.text.HAL_PWREx_EnableBkUpReg), (8 bytes).
    Removing stm32f4xx_hal_pwr_ex.o(.text.HAL_PWREx_DisableBkUpReg), (54 bytes).
    Removing stm32f4xx_hal_pwr_ex.o(.ARM.exidx.text.HAL_PWREx_DisableBkUpReg), (8 bytes).
    Removing stm32f4xx_hal_pwr_ex.o(.text.HAL_PWREx_EnableFlashPowerDown), (12 bytes).
    Removing stm32f4xx_hal_pwr_ex.o(.ARM.exidx.text.HAL_PWREx_EnableFlashPowerDown), (8 bytes).
    Removing stm32f4xx_hal_pwr_ex.o(.text.HAL_PWREx_DisableFlashPowerDown), (12 bytes).
    Removing stm32f4xx_hal_pwr_ex.o(.ARM.exidx.text.HAL_PWREx_DisableFlashPowerDown), (8 bytes).
    Removing stm32f4xx_hal_pwr_ex.o(.text.HAL_PWREx_GetVoltageRange), (16 bytes).
    Removing stm32f4xx_hal_pwr_ex.o(.ARM.exidx.text.HAL_PWREx_GetVoltageRange), (8 bytes).
    Removing stm32f4xx_hal_pwr_ex.o(.text.HAL_PWREx_ControlVoltageScaling), (194 bytes).
    Removing stm32f4xx_hal_pwr_ex.o(.ARM.exidx.text.HAL_PWREx_ControlVoltageScaling), (8 bytes).
    Removing stm32f4xx_hal_pwr_ex.o(.ARM.exidx.text.HAL_PWREx_EnableOverDrive), (8 bytes).
    Removing stm32f4xx_hal_pwr_ex.o(.text.HAL_PWREx_DisableOverDrive), (118 bytes).
    Removing stm32f4xx_hal_pwr_ex.o(.ARM.exidx.text.HAL_PWREx_DisableOverDrive), (8 bytes).
    Removing stm32f4xx_hal_pwr_ex.o(.text.HAL_PWREx_EnterUnderDriveSTOPMode), (122 bytes).
    Removing stm32f4xx_hal_pwr_ex.o(.ARM.exidx.text.HAL_PWREx_EnterUnderDriveSTOPMode), (8 bytes).
    Removing stm32f4xx_hal_rcc.o(.text), (0 bytes).
    Removing stm32f4xx_hal_rcc.o(.text.HAL_RCC_DeInit), (4 bytes).
    Removing stm32f4xx_hal_rcc.o(.ARM.exidx.text.HAL_RCC_DeInit), (8 bytes).
    Removing stm32f4xx_hal_rcc.o(.ARM.exidx.text.HAL_RCC_OscConfig), (8 bytes).
    Removing stm32f4xx_hal_rcc.o(.ARM.exidx.text.HAL_RCC_ClockConfig), (8 bytes).
    Removing stm32f4xx_hal_rcc.o(.ARM.exidx.text.HAL_RCC_GetSysClockFreq), (8 bytes).
    Removing stm32f4xx_hal_rcc.o(.text.HAL_RCC_MCOConfig), (158 bytes).
    Removing stm32f4xx_hal_rcc.o(.ARM.exidx.text.HAL_RCC_MCOConfig), (8 bytes).
    Removing stm32f4xx_hal_rcc.o(.text.HAL_RCC_EnableCSS), (12 bytes).
    Removing stm32f4xx_hal_rcc.o(.ARM.exidx.text.HAL_RCC_EnableCSS), (8 bytes).
    Removing stm32f4xx_hal_rcc.o(.text.HAL_RCC_DisableCSS), (12 bytes).
    Removing stm32f4xx_hal_rcc.o(.ARM.exidx.text.HAL_RCC_DisableCSS), (8 bytes).
    Removing stm32f4xx_hal_rcc.o(.text.HAL_RCC_GetHCLKFreq), (12 bytes).
    Removing stm32f4xx_hal_rcc.o(.ARM.exidx.text.HAL_RCC_GetHCLKFreq), (8 bytes).
    Removing stm32f4xx_hal_rcc.o(.text.HAL_RCC_GetPCLK1Freq), (34 bytes).
    Removing stm32f4xx_hal_rcc.o(.ARM.exidx.text.HAL_RCC_GetPCLK1Freq), (8 bytes).
    Removing stm32f4xx_hal_rcc.o(.text.HAL_RCC_GetPCLK2Freq), (34 bytes).
    Removing stm32f4xx_hal_rcc.o(.ARM.exidx.text.HAL_RCC_GetPCLK2Freq), (8 bytes).
    Removing stm32f4xx_hal_rcc.o(.text.HAL_RCC_GetOscConfig), (152 bytes).
    Removing stm32f4xx_hal_rcc.o(.ARM.exidx.text.HAL_RCC_GetOscConfig), (8 bytes).
    Removing stm32f4xx_hal_rcc.o(.text.HAL_RCC_GetClockConfig), (62 bytes).
    Removing stm32f4xx_hal_rcc.o(.ARM.exidx.text.HAL_RCC_GetClockConfig), (8 bytes).
    Removing stm32f4xx_hal_rcc.o(.text.HAL_RCC_NMI_IRQHandler), (28 bytes).
    Removing stm32f4xx_hal_rcc.o(.ARM.exidx.text.HAL_RCC_NMI_IRQHandler), (8 bytes).
    Removing stm32f4xx_hal_rcc.o(.text.HAL_RCC_CSSCallback), (2 bytes).
    Removing stm32f4xx_hal_rcc.o(.ARM.exidx.text.HAL_RCC_CSSCallback), (8 bytes).
    Removing stm32f4xx_hal_rcc_ex.o(.text), (0 bytes).
    Removing stm32f4xx_hal_rcc_ex.o(.ARM.exidx.text.HAL_RCCEx_PeriphCLKConfig), (8 bytes).
    Removing stm32f4xx_hal_rcc_ex.o(.text.HAL_RCCEx_GetPeriphCLKConfig), (128 bytes).
    Removing stm32f4xx_hal_rcc_ex.o(.ARM.exidx.text.HAL_RCCEx_GetPeriphCLKConfig), (8 bytes).
    Removing stm32f4xx_hal_rcc_ex.o(.text.HAL_RCCEx_GetPeriphCLKFreq), (78 bytes).
    Removing stm32f4xx_hal_rcc_ex.o(.ARM.exidx.text.HAL_RCCEx_GetPeriphCLKFreq), (8 bytes).
    Removing stm32f4xx_hal_rcc_ex.o(.text.HAL_RCCEx_EnablePLLI2S), (108 bytes).
    Removing stm32f4xx_hal_rcc_ex.o(.ARM.exidx.text.HAL_RCCEx_EnablePLLI2S), (8 bytes).
    Removing stm32f4xx_hal_rcc_ex.o(.text.HAL_RCCEx_DisablePLLI2S), (52 bytes).
    Removing stm32f4xx_hal_rcc_ex.o(.ARM.exidx.text.HAL_RCCEx_DisablePLLI2S), (8 bytes).
    Removing stm32f4xx_hal_rcc_ex.o(.text.HAL_RCCEx_EnablePLLSAI), (108 bytes).
    Removing stm32f4xx_hal_rcc_ex.o(.ARM.exidx.text.HAL_RCCEx_EnablePLLSAI), (8 bytes).
    Removing stm32f4xx_hal_rcc_ex.o(.text.HAL_RCCEx_DisablePLLSAI), (52 bytes).
    Removing stm32f4xx_hal_rcc_ex.o(.ARM.exidx.text.HAL_RCCEx_DisablePLLSAI), (8 bytes).
    Removing stm32f4xx_hal_rcc_ex.o(.text.HAL_RCC_DeInit), (338 bytes).
    Removing stm32f4xx_hal_rcc_ex.o(.ARM.exidx.text.HAL_RCC_DeInit), (8 bytes).
    Removing stm32f4xx_hal_sdram.o(.text), (0 bytes).
    Removing stm32f4xx_hal_sdram.o(.ARM.exidx.text.HAL_SDRAM_Init), (8 bytes).
    Removing stm32f4xx_hal_sdram.o(.ARM.exidx.text.HAL_SDRAM_MspInit), (8 bytes).
    Removing stm32f4xx_hal_sdram.o(.text.HAL_SDRAM_DeInit), (30 bytes).
    Removing stm32f4xx_hal_sdram.o(.ARM.exidx.text.HAL_SDRAM_DeInit), (8 bytes).
    Removing stm32f4xx_hal_sdram.o(.text.HAL_SDRAM_MspDeInit), (2 bytes).
    Removing stm32f4xx_hal_sdram.o(.ARM.exidx.text.HAL_SDRAM_MspDeInit), (8 bytes).
    Removing stm32f4xx_hal_sdram.o(.text.HAL_SDRAM_IRQHandler), (32 bytes).
    Removing stm32f4xx_hal_sdram.o(.ARM.exidx.text.HAL_SDRAM_IRQHandler), (8 bytes).
    Removing stm32f4xx_hal_sdram.o(.text.HAL_SDRAM_RefreshErrorCallback), (2 bytes).
    Removing stm32f4xx_hal_sdram.o(.ARM.exidx.text.HAL_SDRAM_RefreshErrorCallback), (8 bytes).
    Removing stm32f4xx_hal_sdram.o(.text.HAL_SDRAM_DMA_XferCpltCallback), (2 bytes).
    Removing stm32f4xx_hal_sdram.o(.ARM.exidx.text.HAL_SDRAM_DMA_XferCpltCallback), (8 bytes).
    Removing stm32f4xx_hal_sdram.o(.text.HAL_SDRAM_DMA_XferErrorCallback), (2 bytes).
    Removing stm32f4xx_hal_sdram.o(.ARM.exidx.text.HAL_SDRAM_DMA_XferErrorCallback), (8 bytes).
    Removing stm32f4xx_hal_sdram.o(.text.HAL_SDRAM_Read_8b), (74 bytes).
    Removing stm32f4xx_hal_sdram.o(.ARM.exidx.text.HAL_SDRAM_Read_8b), (8 bytes).
    Removing stm32f4xx_hal_sdram.o(.text.HAL_SDRAM_Write_8b), (74 bytes).
    Removing stm32f4xx_hal_sdram.o(.ARM.exidx.text.HAL_SDRAM_Write_8b), (8 bytes).
    Removing stm32f4xx_hal_sdram.o(.text.HAL_SDRAM_Read_16b), (74 bytes).
    Removing stm32f4xx_hal_sdram.o(.ARM.exidx.text.HAL_SDRAM_Read_16b), (8 bytes).
    Removing stm32f4xx_hal_sdram.o(.text.HAL_SDRAM_Write_16b), (74 bytes).
    Removing stm32f4xx_hal_sdram.o(.ARM.exidx.text.HAL_SDRAM_Write_16b), (8 bytes).
    Removing stm32f4xx_hal_sdram.o(.text.HAL_SDRAM_Read_32b), (74 bytes).
    Removing stm32f4xx_hal_sdram.o(.ARM.exidx.text.HAL_SDRAM_Read_32b), (8 bytes).
    Removing stm32f4xx_hal_sdram.o(.text.HAL_SDRAM_Write_32b), (74 bytes).
    Removing stm32f4xx_hal_sdram.o(.ARM.exidx.text.HAL_SDRAM_Write_32b), (8 bytes).
    Removing stm32f4xx_hal_sdram.o(.text.HAL_SDRAM_Read_DMA), (74 bytes).
    Removing stm32f4xx_hal_sdram.o(.ARM.exidx.text.HAL_SDRAM_Read_DMA), (8 bytes).
    Removing stm32f4xx_hal_sdram.o(.text.HAL_SDRAM_Write_DMA), (82 bytes).
    Removing stm32f4xx_hal_sdram.o(.ARM.exidx.text.HAL_SDRAM_Write_DMA), (8 bytes).
    Removing stm32f4xx_hal_sdram.o(.text.HAL_SDRAM_WriteProtection_Enable), (40 bytes).
    Removing stm32f4xx_hal_sdram.o(.ARM.exidx.text.HAL_SDRAM_WriteProtection_Enable), (8 bytes).
    Removing stm32f4xx_hal_sdram.o(.text.HAL_SDRAM_WriteProtection_Disable), (40 bytes).
    Removing stm32f4xx_hal_sdram.o(.ARM.exidx.text.HAL_SDRAM_WriteProtection_Disable), (8 bytes).
    Removing stm32f4xx_hal_sdram.o(.ARM.exidx.text.HAL_SDRAM_SendCommand), (8 bytes).
    Removing stm32f4xx_hal_sdram.o(.ARM.exidx.text.HAL_SDRAM_ProgramRefreshRate), (8 bytes).
    Removing stm32f4xx_hal_sdram.o(.text.HAL_SDRAM_SetAutoRefreshNumber), (38 bytes).
    Removing stm32f4xx_hal_sdram.o(.ARM.exidx.text.HAL_SDRAM_SetAutoRefreshNumber), (8 bytes).
    Removing stm32f4xx_hal_sdram.o(.text.HAL_SDRAM_GetModeStatus), (14 bytes).
    Removing stm32f4xx_hal_sdram.o(.ARM.exidx.text.HAL_SDRAM_GetModeStatus), (8 bytes).
    Removing stm32f4xx_hal_sdram.o(.text.HAL_SDRAM_GetState), (6 bytes).
    Removing stm32f4xx_hal_sdram.o(.ARM.exidx.text.HAL_SDRAM_GetState), (8 bytes).
    Removing stm32f4xx_hal_spi.o(.text), (0 bytes).
    Removing stm32f4xx_hal_spi.o(.ARM.exidx.text.HAL_SPI_Init), (8 bytes).
    Removing stm32f4xx_hal_spi.o(.ARM.exidx.text.HAL_SPI_MspInit), (8 bytes).
    Removing stm32f4xx_hal_spi.o(.ARM.exidx.text.HAL_SPI_DeInit), (8 bytes).
    Removing stm32f4xx_hal_spi.o(.ARM.exidx.text.HAL_SPI_MspDeInit), (8 bytes).
    Removing stm32f4xx_hal_spi.o(.ARM.exidx.text.HAL_SPI_Transmit), (8 bytes).
    Removing stm32f4xx_hal_spi.o(.ARM.exidx.text.SPI_EndRxTxTransaction), (8 bytes).
    Removing stm32f4xx_hal_spi.o(.ARM.exidx.text.HAL_SPI_Receive), (8 bytes).
    Removing stm32f4xx_hal_spi.o(.ARM.exidx.text.HAL_SPI_TransmitReceive), (8 bytes).
    Removing stm32f4xx_hal_spi.o(.ARM.exidx.text.SPI_WaitFlagStateUntilTimeout), (8 bytes).
    Removing stm32f4xx_hal_spi.o(.ARM.exidx.text.SPI_EndRxTransaction), (8 bytes).
    Removing stm32f4xx_hal_spi.o(.text.HAL_SPI_Transmit_IT), (172 bytes).
    Removing stm32f4xx_hal_spi.o(.ARM.exidx.text.HAL_SPI_Transmit_IT), (8 bytes).
    Removing stm32f4xx_hal_spi.o(.text.SPI_TxISR_16BIT), (50 bytes).
    Removing stm32f4xx_hal_spi.o(.ARM.exidx.text.SPI_TxISR_16BIT), (8 bytes).
    Removing stm32f4xx_hal_spi.o(.text.SPI_TxISR_8BIT), (54 bytes).
    Removing stm32f4xx_hal_spi.o(.ARM.exidx.text.SPI_TxISR_8BIT), (8 bytes).
    Removing stm32f4xx_hal_spi.o(.text.HAL_SPI_Receive_IT), (212 bytes).
    Removing stm32f4xx_hal_spi.o(.ARM.exidx.text.HAL_SPI_Receive_IT), (8 bytes).
    Removing stm32f4xx_hal_spi.o(.text.HAL_SPI_TransmitReceive_IT), (238 bytes).
    Removing stm32f4xx_hal_spi.o(.ARM.exidx.text.HAL_SPI_TransmitReceive_IT), (8 bytes).
    Removing stm32f4xx_hal_spi.o(.text.SPI_RxISR_16BIT), (76 bytes).
    Removing stm32f4xx_hal_spi.o(.ARM.exidx.text.SPI_RxISR_16BIT), (8 bytes).
    Removing stm32f4xx_hal_spi.o(.text.SPI_RxISR_8BIT), (80 bytes).
    Removing stm32f4xx_hal_spi.o(.ARM.exidx.text.SPI_RxISR_8BIT), (8 bytes).
    Removing stm32f4xx_hal_spi.o(.text.SPI_2linesRxISR_16BIT), (68 bytes).
    Removing stm32f4xx_hal_spi.o(.ARM.exidx.text.SPI_2linesRxISR_16BIT), (8 bytes).
    Removing stm32f4xx_hal_spi.o(.text.SPI_2linesTxISR_16BIT), (74 bytes).
    Removing stm32f4xx_hal_spi.o(.ARM.exidx.text.SPI_2linesTxISR_16BIT), (8 bytes).
    Removing stm32f4xx_hal_spi.o(.text.SPI_2linesRxISR_8BIT), (72 bytes).
    Removing stm32f4xx_hal_spi.o(.ARM.exidx.text.SPI_2linesRxISR_8BIT), (8 bytes).
    Removing stm32f4xx_hal_spi.o(.text.SPI_2linesTxISR_8BIT), (78 bytes).
    Removing stm32f4xx_hal_spi.o(.ARM.exidx.text.SPI_2linesTxISR_8BIT), (8 bytes).
    Removing stm32f4xx_hal_spi.o(.text.HAL_SPI_Transmit_DMA), (224 bytes).
    Removing stm32f4xx_hal_spi.o(.ARM.exidx.text.HAL_SPI_Transmit_DMA), (8 bytes).
    Removing stm32f4xx_hal_spi.o(.text.SPI_DMAHalfTransmitCplt), (10 bytes).
    Removing stm32f4xx_hal_spi.o(.ARM.exidx.text.SPI_DMAHalfTransmitCplt), (8 bytes).
    Removing stm32f4xx_hal_spi.o(.text.SPI_DMATransmitCplt), (112 bytes).
    Removing stm32f4xx_hal_spi.o(.ARM.exidx.text.SPI_DMATransmitCplt), (8 bytes).
    Removing stm32f4xx_hal_spi.o(.text.SPI_DMAError), (34 bytes).
    Removing stm32f4xx_hal_spi.o(.ARM.exidx.text.SPI_DMAError), (8 bytes).
    Removing stm32f4xx_hal_spi.o(.text.HAL_SPI_Receive_DMA), (260 bytes).
    Removing stm32f4xx_hal_spi.o(.ARM.exidx.text.HAL_SPI_Receive_DMA), (8 bytes).
    Removing stm32f4xx_hal_spi.o(.text.HAL_SPI_TransmitReceive_DMA), (314 bytes).
    Removing stm32f4xx_hal_spi.o(.ARM.exidx.text.HAL_SPI_TransmitReceive_DMA), (8 bytes).
    Removing stm32f4xx_hal_spi.o(.text.SPI_DMAHalfReceiveCplt), (10 bytes).
    Removing stm32f4xx_hal_spi.o(.ARM.exidx.text.SPI_DMAHalfReceiveCplt), (8 bytes).
    Removing stm32f4xx_hal_spi.o(.text.SPI_DMAReceiveCplt), (172 bytes).
    Removing stm32f4xx_hal_spi.o(.ARM.exidx.text.SPI_DMAReceiveCplt), (8 bytes).
    Removing stm32f4xx_hal_spi.o(.text.SPI_DMAHalfTransmitReceiveCplt), (10 bytes).
    Removing stm32f4xx_hal_spi.o(.ARM.exidx.text.SPI_DMAHalfTransmitReceiveCplt), (8 bytes).
    Removing stm32f4xx_hal_spi.o(.text.SPI_DMATransmitReceiveCplt), (154 bytes).
    Removing stm32f4xx_hal_spi.o(.ARM.exidx.text.SPI_DMATransmitReceiveCplt), (8 bytes).
    Removing stm32f4xx_hal_spi.o(.text.HAL_SPI_Abort), (310 bytes).
    Removing stm32f4xx_hal_spi.o(.ARM.exidx.text.HAL_SPI_Abort), (8 bytes).
    Removing stm32f4xx_hal_spi.o(.text.SPI_AbortTx_ISR), (26 bytes).
    Removing stm32f4xx_hal_spi.o(.ARM.exidx.text.SPI_AbortTx_ISR), (8 bytes).
    Removing stm32f4xx_hal_spi.o(.text.SPI_AbortRx_ISR), (90 bytes).
    Removing stm32f4xx_hal_spi.o(.ARM.exidx.text.SPI_AbortRx_ISR), (8 bytes).
    Removing stm32f4xx_hal_spi.o(.text.HAL_SPI_Abort_IT), (338 bytes).
    Removing stm32f4xx_hal_spi.o(.ARM.exidx.text.HAL_SPI_Abort_IT), (8 bytes).
    Removing stm32f4xx_hal_spi.o(.text.SPI_DMATxAbortCallback), (142 bytes).
    Removing stm32f4xx_hal_spi.o(.ARM.exidx.text.SPI_DMATxAbortCallback), (8 bytes).
    Removing stm32f4xx_hal_spi.o(.text.SPI_DMARxAbortCallback), (120 bytes).
    Removing stm32f4xx_hal_spi.o(.ARM.exidx.text.SPI_DMARxAbortCallback), (8 bytes).
    Removing stm32f4xx_hal_spi.o(.text.HAL_SPI_AbortCpltCallback), (2 bytes).
    Removing stm32f4xx_hal_spi.o(.ARM.exidx.text.HAL_SPI_AbortCpltCallback), (8 bytes).
    Removing stm32f4xx_hal_spi.o(.text.HAL_SPI_DMAPause), (32 bytes).
    Removing stm32f4xx_hal_spi.o(.ARM.exidx.text.HAL_SPI_DMAPause), (8 bytes).
    Removing stm32f4xx_hal_spi.o(.text.HAL_SPI_DMAResume), (32 bytes).
    Removing stm32f4xx_hal_spi.o(.ARM.exidx.text.HAL_SPI_DMAResume), (8 bytes).
    Removing stm32f4xx_hal_spi.o(.text.HAL_SPI_DMAStop), (68 bytes).
    Removing stm32f4xx_hal_spi.o(.ARM.exidx.text.HAL_SPI_DMAStop), (8 bytes).
    Removing stm32f4xx_hal_spi.o(.text.HAL_SPI_IRQHandler), (262 bytes).
    Removing stm32f4xx_hal_spi.o(.ARM.exidx.text.HAL_SPI_IRQHandler), (8 bytes).
    Removing stm32f4xx_hal_spi.o(.text.SPI_DMAAbortOnError), (16 bytes).
    Removing stm32f4xx_hal_spi.o(.ARM.exidx.text.SPI_DMAAbortOnError), (8 bytes).
    Removing stm32f4xx_hal_spi.o(.text.HAL_SPI_ErrorCallback), (2 bytes).
    Removing stm32f4xx_hal_spi.o(.ARM.exidx.text.HAL_SPI_ErrorCallback), (8 bytes).
    Removing stm32f4xx_hal_spi.o(.text.HAL_SPI_TxCpltCallback), (2 bytes).
    Removing stm32f4xx_hal_spi.o(.ARM.exidx.text.HAL_SPI_TxCpltCallback), (8 bytes).
    Removing stm32f4xx_hal_spi.o(.text.HAL_SPI_RxCpltCallback), (2 bytes).
    Removing stm32f4xx_hal_spi.o(.ARM.exidx.text.HAL_SPI_RxCpltCallback), (8 bytes).
    Removing stm32f4xx_hal_spi.o(.text.HAL_SPI_TxRxCpltCallback), (2 bytes).
    Removing stm32f4xx_hal_spi.o(.ARM.exidx.text.HAL_SPI_TxRxCpltCallback), (8 bytes).
    Removing stm32f4xx_hal_spi.o(.text.HAL_SPI_TxHalfCpltCallback), (2 bytes).
    Removing stm32f4xx_hal_spi.o(.ARM.exidx.text.HAL_SPI_TxHalfCpltCallback), (8 bytes).
    Removing stm32f4xx_hal_spi.o(.text.HAL_SPI_RxHalfCpltCallback), (2 bytes).
    Removing stm32f4xx_hal_spi.o(.ARM.exidx.text.HAL_SPI_RxHalfCpltCallback), (8 bytes).
    Removing stm32f4xx_hal_spi.o(.text.HAL_SPI_TxRxHalfCpltCallback), (2 bytes).
    Removing stm32f4xx_hal_spi.o(.ARM.exidx.text.HAL_SPI_TxRxHalfCpltCallback), (8 bytes).
    Removing stm32f4xx_hal_spi.o(.ARM.exidx.text.HAL_SPI_GetState), (8 bytes).
    Removing stm32f4xx_hal_spi.o(.text.HAL_SPI_GetError), (4 bytes).
    Removing stm32f4xx_hal_spi.o(.ARM.exidx.text.HAL_SPI_GetError), (8 bytes).
    Removing stm32f4xx_hal_spi.o(.text.SPI_2linesRxISR_8BITCRC), (26 bytes).
    Removing stm32f4xx_hal_spi.o(.ARM.exidx.text.SPI_2linesRxISR_8BITCRC), (8 bytes).
    Removing stm32f4xx_hal_spi.o(.text.SPI_CloseRxTx_ISR), (198 bytes).
    Removing stm32f4xx_hal_spi.o(.ARM.exidx.text.SPI_CloseRxTx_ISR), (8 bytes).
    Removing stm32f4xx_hal_spi.o(.text.SPI_2linesRxISR_16BITCRC), (20 bytes).
    Removing stm32f4xx_hal_spi.o(.ARM.exidx.text.SPI_2linesRxISR_16BITCRC), (8 bytes).
    Removing stm32f4xx_hal_spi.o(.text.SPI_RxISR_8BITCRC), (12 bytes).
    Removing stm32f4xx_hal_spi.o(.ARM.exidx.text.SPI_RxISR_8BITCRC), (8 bytes).
    Removing stm32f4xx_hal_spi.o(.text.SPI_CloseRx_ISR), (110 bytes).
    Removing stm32f4xx_hal_spi.o(.ARM.exidx.text.SPI_CloseRx_ISR), (8 bytes).
    Removing stm32f4xx_hal_spi.o(.text.SPI_RxISR_16BITCRC), (20 bytes).
    Removing stm32f4xx_hal_spi.o(.ARM.exidx.text.SPI_RxISR_16BITCRC), (8 bytes).
    Removing stm32f4xx_hal_spi.o(.text.SPI_CloseTx_ISR), (150 bytes).
    Removing stm32f4xx_hal_spi.o(.ARM.exidx.text.SPI_CloseTx_ISR), (8 bytes).
    Removing stm32f4xx_hal_tim.o(.text), (0 bytes).
    Removing stm32f4xx_hal_tim.o(.text.HAL_TIM_Base_Init), (54 bytes).
    Removing stm32f4xx_hal_tim.o(.ARM.exidx.text.HAL_TIM_Base_Init), (8 bytes).
    Removing stm32f4xx_hal_tim.o(.text.HAL_TIM_Base_MspInit), (2 bytes).
    Removing stm32f4xx_hal_tim.o(.ARM.exidx.text.HAL_TIM_Base_MspInit), (8 bytes).
    Removing stm32f4xx_hal_tim.o(.text.TIM_Base_SetConfig), (292 bytes).
    Removing stm32f4xx_hal_tim.o(.ARM.exidx.text.TIM_Base_SetConfig), (8 bytes).
    Removing stm32f4xx_hal_tim.o(.text.HAL_TIM_Base_DeInit), (60 bytes).
    Removing stm32f4xx_hal_tim.o(.ARM.exidx.text.HAL_TIM_Base_DeInit), (8 bytes).
    Removing stm32f4xx_hal_tim.o(.text.HAL_TIM_Base_MspDeInit), (2 bytes).
    Removing stm32f4xx_hal_tim.o(.ARM.exidx.text.HAL_TIM_Base_MspDeInit), (8 bytes).
    Removing stm32f4xx_hal_tim.o(.text.HAL_TIM_Base_Start), (38 bytes).
    Removing stm32f4xx_hal_tim.o(.ARM.exidx.text.HAL_TIM_Base_Start), (8 bytes).
    Removing stm32f4xx_hal_tim.o(.text.HAL_TIM_Base_Stop), (48 bytes).
    Removing stm32f4xx_hal_tim.o(.ARM.exidx.text.HAL_TIM_Base_Stop), (8 bytes).
    Removing stm32f4xx_hal_tim.o(.text.HAL_TIM_Base_Start_IT), (32 bytes).
    Removing stm32f4xx_hal_tim.o(.ARM.exidx.text.HAL_TIM_Base_Start_IT), (8 bytes).
    Removing stm32f4xx_hal_tim.o(.text.HAL_TIM_Base_Stop_IT), (46 bytes).
    Removing stm32f4xx_hal_tim.o(.ARM.exidx.text.HAL_TIM_Base_Stop_IT), (8 bytes).
    Removing stm32f4xx_hal_tim.o(.text.HAL_TIM_Base_Start_DMA), (128 bytes).
    Removing stm32f4xx_hal_tim.o(.ARM.exidx.text.HAL_TIM_Base_Start_DMA), (8 bytes).
    Removing stm32f4xx_hal_tim.o(.text.TIM_DMAPeriodElapsedCplt), (16 bytes).
    Removing stm32f4xx_hal_tim.o(.ARM.exidx.text.TIM_DMAPeriodElapsedCplt), (8 bytes).
    Removing stm32f4xx_hal_tim.o(.text.TIM_DMAPeriodElapsedHalfCplt), (16 bytes).
    Removing stm32f4xx_hal_tim.o(.ARM.exidx.text.TIM_DMAPeriodElapsedHalfCplt), (8 bytes).
    Removing stm32f4xx_hal_tim.o(.text.TIM_DMAError), (16 bytes).
    Removing stm32f4xx_hal_tim.o(.ARM.exidx.text.TIM_DMAError), (8 bytes).
    Removing stm32f4xx_hal_tim.o(.text.HAL_TIM_Base_Stop_DMA), (60 bytes).
    Removing stm32f4xx_hal_tim.o(.ARM.exidx.text.HAL_TIM_Base_Stop_DMA), (8 bytes).
    Removing stm32f4xx_hal_tim.o(.text.HAL_TIM_OC_Init), (54 bytes).
    Removing stm32f4xx_hal_tim.o(.ARM.exidx.text.HAL_TIM_OC_Init), (8 bytes).
    Removing stm32f4xx_hal_tim.o(.text.HAL_TIM_OC_MspInit), (2 bytes).
    Removing stm32f4xx_hal_tim.o(.ARM.exidx.text.HAL_TIM_OC_MspInit), (8 bytes).
    Removing stm32f4xx_hal_tim.o(.text.HAL_TIM_OC_DeInit), (60 bytes).
    Removing stm32f4xx_hal_tim.o(.ARM.exidx.text.HAL_TIM_OC_DeInit), (8 bytes).
    Removing stm32f4xx_hal_tim.o(.text.HAL_TIM_OC_MspDeInit), (2 bytes).
    Removing stm32f4xx_hal_tim.o(.ARM.exidx.text.HAL_TIM_OC_MspDeInit), (8 bytes).
    Removing stm32f4xx_hal_tim.o(.text.HAL_TIM_OC_Start), (60 bytes).
    Removing stm32f4xx_hal_tim.o(.ARM.exidx.text.HAL_TIM_OC_Start), (8 bytes).
    Removing stm32f4xx_hal_tim.o(.ARM.exidx.text.TIM_CCxChannelCmd), (8 bytes).
    Removing stm32f4xx_hal_tim.o(.text.HAL_TIM_OC_Stop), (94 bytes).
    Removing stm32f4xx_hal_tim.o(.ARM.exidx.text.HAL_TIM_OC_Stop), (8 bytes).
    Removing stm32f4xx_hal_tim.o(.text.HAL_TIM_OC_Start_IT), (100 bytes).
    Removing stm32f4xx_hal_tim.o(.ARM.exidx.text.HAL_TIM_OC_Start_IT), (8 bytes).
    Removing stm32f4xx_hal_tim.o(.text.HAL_TIM_OC_Stop_IT), (132 bytes).
    Removing stm32f4xx_hal_tim.o(.ARM.exidx.text.HAL_TIM_OC_Stop_IT), (8 bytes).
    Removing stm32f4xx_hal_tim.o(.text.HAL_TIM_OC_Start_DMA), (380 bytes).
    Removing stm32f4xx_hal_tim.o(.ARM.exidx.text.HAL_TIM_OC_Start_DMA), (8 bytes).
    Removing stm32f4xx_hal_tim.o(.text.TIM_DMADelayPulseCplt), (58 bytes).
    Removing stm32f4xx_hal_tim.o(.ARM.exidx.text.TIM_DMADelayPulseCplt), (8 bytes).
    Removing stm32f4xx_hal_tim.o(.text.TIM_DMADelayPulseHalfCplt), (58 bytes).
    Removing stm32f4xx_hal_tim.o(.ARM.exidx.text.TIM_DMADelayPulseHalfCplt), (8 bytes).
    Removing stm32f4xx_hal_tim.o(.text.HAL_TIM_OC_Stop_DMA), (178 bytes).
    Removing stm32f4xx_hal_tim.o(.ARM.exidx.text.HAL_TIM_OC_Stop_DMA), (8 bytes).
    Removing stm32f4xx_hal_tim.o(.text.HAL_TIM_PWM_Init), (54 bytes).
    Removing stm32f4xx_hal_tim.o(.ARM.exidx.text.HAL_TIM_PWM_Init), (8 bytes).
    Removing stm32f4xx_hal_tim.o(.text.HAL_TIM_PWM_MspInit), (2 bytes).
    Removing stm32f4xx_hal_tim.o(.ARM.exidx.text.HAL_TIM_PWM_MspInit), (8 bytes).
    Removing stm32f4xx_hal_tim.o(.text.HAL_TIM_PWM_DeInit), (60 bytes).
    Removing stm32f4xx_hal_tim.o(.ARM.exidx.text.HAL_TIM_PWM_DeInit), (8 bytes).
    Removing stm32f4xx_hal_tim.o(.text.HAL_TIM_PWM_MspDeInit), (2 bytes).
    Removing stm32f4xx_hal_tim.o(.ARM.exidx.text.HAL_TIM_PWM_MspDeInit), (8 bytes).
    Removing stm32f4xx_hal_tim.o(.ARM.exidx.text.HAL_TIM_PWM_Start), (8 bytes).
    Removing stm32f4xx_hal_tim.o(.text.HAL_TIM_PWM_Stop), (96 bytes).
    Removing stm32f4xx_hal_tim.o(.ARM.exidx.text.HAL_TIM_PWM_Stop), (8 bytes).
    Removing stm32f4xx_hal_tim.o(.text.HAL_TIM_PWM_Start_IT), (100 bytes).
    Removing stm32f4xx_hal_tim.o(.ARM.exidx.text.HAL_TIM_PWM_Start_IT), (8 bytes).
    Removing stm32f4xx_hal_tim.o(.text.HAL_TIM_PWM_Stop_IT), (132 bytes).
    Removing stm32f4xx_hal_tim.o(.ARM.exidx.text.HAL_TIM_PWM_Stop_IT), (8 bytes).
    Removing stm32f4xx_hal_tim.o(.text.HAL_TIM_PWM_Start_DMA), (380 bytes).
    Removing stm32f4xx_hal_tim.o(.ARM.exidx.text.HAL_TIM_PWM_Start_DMA), (8 bytes).
    Removing stm32f4xx_hal_tim.o(.text.HAL_TIM_PWM_Stop_DMA), (178 bytes).
    Removing stm32f4xx_hal_tim.o(.ARM.exidx.text.HAL_TIM_PWM_Stop_DMA), (8 bytes).
    Removing stm32f4xx_hal_tim.o(.text.HAL_TIM_IC_Init), (54 bytes).
    Removing stm32f4xx_hal_tim.o(.ARM.exidx.text.HAL_TIM_IC_Init), (8 bytes).
    Removing stm32f4xx_hal_tim.o(.text.HAL_TIM_IC_MspInit), (2 bytes).
    Removing stm32f4xx_hal_tim.o(.ARM.exidx.text.HAL_TIM_IC_MspInit), (8 bytes).
    Removing stm32f4xx_hal_tim.o(.text.HAL_TIM_IC_DeInit), (60 bytes).
    Removing stm32f4xx_hal_tim.o(.ARM.exidx.text.HAL_TIM_IC_DeInit), (8 bytes).
    Removing stm32f4xx_hal_tim.o(.text.HAL_TIM_IC_MspDeInit), (2 bytes).
    Removing stm32f4xx_hal_tim.o(.ARM.exidx.text.HAL_TIM_IC_MspDeInit), (8 bytes).
    Removing stm32f4xx_hal_tim.o(.text.HAL_TIM_IC_Start), (36 bytes).
    Removing stm32f4xx_hal_tim.o(.ARM.exidx.text.HAL_TIM_IC_Start), (8 bytes).
    Removing stm32f4xx_hal_tim.o(.text.HAL_TIM_IC_Stop), (50 bytes).
    Removing stm32f4xx_hal_tim.o(.ARM.exidx.text.HAL_TIM_IC_Stop), (8 bytes).
    Removing stm32f4xx_hal_tim.o(.text.HAL_TIM_IC_Start_IT), (76 bytes).
    Removing stm32f4xx_hal_tim.o(.ARM.exidx.text.HAL_TIM_IC_Start_IT), (8 bytes).
    Removing stm32f4xx_hal_tim.o(.text.HAL_TIM_IC_Stop_IT), (88 bytes).
    Removing stm32f4xx_hal_tim.o(.ARM.exidx.text.HAL_TIM_IC_Stop_IT), (8 bytes).
    Removing stm32f4xx_hal_tim.o(.text.HAL_TIM_IC_Start_DMA), (340 bytes).
    Removing stm32f4xx_hal_tim.o(.ARM.exidx.text.HAL_TIM_IC_Start_DMA), (8 bytes).
    Removing stm32f4xx_hal_tim.o(.text.TIM_DMACaptureCplt), (58 bytes).
    Removing stm32f4xx_hal_tim.o(.ARM.exidx.text.TIM_DMACaptureCplt), (8 bytes).
    Removing stm32f4xx_hal_tim.o(.text.TIM_DMACaptureHalfCplt), (58 bytes).
    Removing stm32f4xx_hal_tim.o(.ARM.exidx.text.TIM_DMACaptureHalfCplt), (8 bytes).
    Removing stm32f4xx_hal_tim.o(.text.HAL_TIM_IC_Stop_DMA), (134 bytes).
    Removing stm32f4xx_hal_tim.o(.ARM.exidx.text.HAL_TIM_IC_Stop_DMA), (8 bytes).
    Removing stm32f4xx_hal_tim.o(.text.HAL_TIM_OnePulse_Init), (72 bytes).
    Removing stm32f4xx_hal_tim.o(.ARM.exidx.text.HAL_TIM_OnePulse_Init), (8 bytes).
    Removing stm32f4xx_hal_tim.o(.text.HAL_TIM_OnePulse_MspInit), (2 bytes).
    Removing stm32f4xx_hal_tim.o(.ARM.exidx.text.HAL_TIM_OnePulse_MspInit), (8 bytes).
    Removing stm32f4xx_hal_tim.o(.text.HAL_TIM_OnePulse_DeInit), (60 bytes).
    Removing stm32f4xx_hal_tim.o(.ARM.exidx.text.HAL_TIM_OnePulse_DeInit), (8 bytes).
    Removing stm32f4xx_hal_tim.o(.text.HAL_TIM_OnePulse_MspDeInit), (2 bytes).
    Removing stm32f4xx_hal_tim.o(.ARM.exidx.text.HAL_TIM_OnePulse_MspDeInit), (8 bytes).
    Removing stm32f4xx_hal_tim.o(.text.HAL_TIM_OnePulse_Start), (54 bytes).
    Removing stm32f4xx_hal_tim.o(.ARM.exidx.text.HAL_TIM_OnePulse_Start), (8 bytes).
    Removing stm32f4xx_hal_tim.o(.text.HAL_TIM_OnePulse_Stop), (106 bytes).
    Removing stm32f4xx_hal_tim.o(.ARM.exidx.text.HAL_TIM_OnePulse_Stop), (8 bytes).
    Removing stm32f4xx_hal_tim.o(.text.HAL_TIM_OnePulse_Start_IT), (70 bytes).
    Removing stm32f4xx_hal_tim.o(.ARM.exidx.text.HAL_TIM_OnePulse_Start_IT), (8 bytes).
    Removing stm32f4xx_hal_tim.o(.text.HAL_TIM_OnePulse_Stop_IT), (122 bytes).
    Removing stm32f4xx_hal_tim.o(.ARM.exidx.text.HAL_TIM_OnePulse_Stop_IT), (8 bytes).
    Removing stm32f4xx_hal_tim.o(.text.HAL_TIM_Encoder_Init), (158 bytes).
    Removing stm32f4xx_hal_tim.o(.ARM.exidx.text.HAL_TIM_Encoder_Init), (8 bytes).
    Removing stm32f4xx_hal_tim.o(.text.HAL_TIM_Encoder_MspInit), (2 bytes).
    Removing stm32f4xx_hal_tim.o(.ARM.exidx.text.HAL_TIM_Encoder_MspInit), (8 bytes).
    Removing stm32f4xx_hal_tim.o(.text.HAL_TIM_Encoder_DeInit), (60 bytes).
    Removing stm32f4xx_hal_tim.o(.ARM.exidx.text.HAL_TIM_Encoder_DeInit), (8 bytes).
    Removing stm32f4xx_hal_tim.o(.text.HAL_TIM_Encoder_MspDeInit), (2 bytes).
    Removing stm32f4xx_hal_tim.o(.ARM.exidx.text.HAL_TIM_Encoder_MspDeInit), (8 bytes).
    Removing stm32f4xx_hal_tim.o(.text.HAL_TIM_Encoder_Start), (52 bytes).
    Removing stm32f4xx_hal_tim.o(.ARM.exidx.text.HAL_TIM_Encoder_Start), (8 bytes).
    Removing stm32f4xx_hal_tim.o(.text.HAL_TIM_Encoder_Stop), (72 bytes).
    Removing stm32f4xx_hal_tim.o(.ARM.exidx.text.HAL_TIM_Encoder_Stop), (8 bytes).
    Removing stm32f4xx_hal_tim.o(.text.HAL_TIM_Encoder_Start_IT), (100 bytes).
    Removing stm32f4xx_hal_tim.o(.ARM.exidx.text.HAL_TIM_Encoder_Start_IT), (8 bytes).
    Removing stm32f4xx_hal_tim.o(.text.HAL_TIM_Encoder_Stop_IT), (128 bytes).
    Removing stm32f4xx_hal_tim.o(.ARM.exidx.text.HAL_TIM_Encoder_Stop_IT), (8 bytes).
    Removing stm32f4xx_hal_tim.o(.text.HAL_TIM_Encoder_Start_DMA), (400 bytes).
    Removing stm32f4xx_hal_tim.o(.ARM.exidx.text.HAL_TIM_Encoder_Start_DMA), (8 bytes).
    Removing stm32f4xx_hal_tim.o(.text.HAL_TIM_Encoder_Stop_DMA), (156 bytes).
    Removing stm32f4xx_hal_tim.o(.ARM.exidx.text.HAL_TIM_Encoder_Stop_DMA), (8 bytes).
    Removing stm32f4xx_hal_tim.o(.text.HAL_TIM_IRQHandler), (362 bytes).
    Removing stm32f4xx_hal_tim.o(.ARM.exidx.text.HAL_TIM_IRQHandler), (8 bytes).
    Removing stm32f4xx_hal_tim.o(.text.HAL_TIM_IC_CaptureCallback), (2 bytes).
    Removing stm32f4xx_hal_tim.o(.ARM.exidx.text.HAL_TIM_IC_CaptureCallback), (8 bytes).
    Removing stm32f4xx_hal_tim.o(.text.HAL_TIM_OC_DelayElapsedCallback), (2 bytes).
    Removing stm32f4xx_hal_tim.o(.ARM.exidx.text.HAL_TIM_OC_DelayElapsedCallback), (8 bytes).
    Removing stm32f4xx_hal_tim.o(.text.HAL_TIM_PWM_PulseFinishedCallback), (2 bytes).
    Removing stm32f4xx_hal_tim.o(.ARM.exidx.text.HAL_TIM_PWM_PulseFinishedCallback), (8 bytes).
    Removing stm32f4xx_hal_tim.o(.text.HAL_TIM_PeriodElapsedCallback), (2 bytes).
    Removing stm32f4xx_hal_tim.o(.ARM.exidx.text.HAL_TIM_PeriodElapsedCallback), (8 bytes).
    Removing stm32f4xx_hal_tim.o(.text.HAL_TIM_TriggerCallback), (2 bytes).
    Removing stm32f4xx_hal_tim.o(.ARM.exidx.text.HAL_TIM_TriggerCallback), (8 bytes).
    Removing stm32f4xx_hal_tim.o(.text.HAL_TIM_OC_ConfigChannel), (86 bytes).
    Removing stm32f4xx_hal_tim.o(.ARM.exidx.text.HAL_TIM_OC_ConfigChannel), (8 bytes).
    Removing stm32f4xx_hal_tim.o(.text.TIM_OC1_SetConfig), (100 bytes).
    Removing stm32f4xx_hal_tim.o(.ARM.exidx.text.TIM_OC1_SetConfig), (8 bytes).
    Removing stm32f4xx_hal_tim.o(.text.TIM_OC2_SetConfig), (106 bytes).
    Removing stm32f4xx_hal_tim.o(.ARM.exidx.text.TIM_OC2_SetConfig), (8 bytes).
    Removing stm32f4xx_hal_tim.o(.text.TIM_OC3_SetConfig), (104 bytes).
    Removing stm32f4xx_hal_tim.o(.ARM.exidx.text.TIM_OC3_SetConfig), (8 bytes).
    Removing stm32f4xx_hal_tim.o(.text.TIM_OC4_SetConfig), (78 bytes).
    Removing stm32f4xx_hal_tim.o(.ARM.exidx.text.TIM_OC4_SetConfig), (8 bytes).
    Removing stm32f4xx_hal_tim.o(.text.HAL_TIM_IC_ConfigChannel), (156 bytes).
    Removing stm32f4xx_hal_tim.o(.ARM.exidx.text.HAL_TIM_IC_ConfigChannel), (8 bytes).
    Removing stm32f4xx_hal_tim.o(.text.TIM_TI1_SetConfig), (168 bytes).
    Removing stm32f4xx_hal_tim.o(.ARM.exidx.text.TIM_TI1_SetConfig), (8 bytes).
    Removing stm32f4xx_hal_tim.o(.text.TIM_TI2_SetConfig), (60 bytes).
    Removing stm32f4xx_hal_tim.o(.ARM.exidx.text.TIM_TI2_SetConfig), (8 bytes).
    Removing stm32f4xx_hal_tim.o(.text.TIM_TI3_SetConfig), (52 bytes).
    Removing stm32f4xx_hal_tim.o(.ARM.exidx.text.TIM_TI3_SetConfig), (8 bytes).
    Removing stm32f4xx_hal_tim.o(.text.TIM_TI4_SetConfig), (60 bytes).
    Removing stm32f4xx_hal_tim.o(.ARM.exidx.text.TIM_TI4_SetConfig), (8 bytes).
    Removing stm32f4xx_hal_tim.o(.text.HAL_TIM_PWM_ConfigChannel), (160 bytes).
    Removing stm32f4xx_hal_tim.o(.ARM.exidx.text.HAL_TIM_PWM_ConfigChannel), (8 bytes).
    Removing stm32f4xx_hal_tim.o(.text.HAL_TIM_OnePulse_ConfigChannel), (182 bytes).
    Removing stm32f4xx_hal_tim.o(.ARM.exidx.text.HAL_TIM_OnePulse_ConfigChannel), (8 bytes).
    Removing stm32f4xx_hal_tim.o(.text.HAL_TIM_DMABurst_WriteStart), (456 bytes).
    Removing stm32f4xx_hal_tim.o(.ARM.exidx.text.HAL_TIM_DMABurst_WriteStart), (8 bytes).
    Removing stm32f4xx_hal_tim.o(.text.TIM_DMATriggerCplt), (16 bytes).
    Removing stm32f4xx_hal_tim.o(.ARM.exidx.text.TIM_DMATriggerCplt), (8 bytes).
    Removing stm32f4xx_hal_tim.o(.text.TIM_DMATriggerHalfCplt), (16 bytes).
    Removing stm32f4xx_hal_tim.o(.ARM.exidx.text.TIM_DMATriggerHalfCplt), (8 bytes).
    Removing stm32f4xx_hal_tim.o(.text.HAL_TIM_DMABurst_WriteStop), (122 bytes).
    Removing stm32f4xx_hal_tim.o(.ARM.exidx.text.HAL_TIM_DMABurst_WriteStop), (8 bytes).
    Removing stm32f4xx_hal_tim.o(.text.HAL_TIM_DMABurst_ReadStart), (454 bytes).
    Removing stm32f4xx_hal_tim.o(.ARM.exidx.text.HAL_TIM_DMABurst_ReadStart), (8 bytes).
    Removing stm32f4xx_hal_tim.o(.text.HAL_TIM_DMABurst_ReadStop), (122 bytes).
    Removing stm32f4xx_hal_tim.o(.ARM.exidx.text.HAL_TIM_DMABurst_ReadStop), (8 bytes).
    Removing stm32f4xx_hal_tim.o(.text.HAL_TIM_GenerateEvent), (36 bytes).
    Removing stm32f4xx_hal_tim.o(.ARM.exidx.text.HAL_TIM_GenerateEvent), (8 bytes).
    Removing stm32f4xx_hal_tim.o(.text.HAL_TIM_ConfigOCrefClear), (188 bytes).
    Removing stm32f4xx_hal_tim.o(.ARM.exidx.text.HAL_TIM_ConfigOCrefClear), (8 bytes).
    Removing stm32f4xx_hal_tim.o(.text.TIM_ETR_SetConfig), (22 bytes).
    Removing stm32f4xx_hal_tim.o(.ARM.exidx.text.TIM_ETR_SetConfig), (8 bytes).
    Removing stm32f4xx_hal_tim.o(.text.HAL_TIM_ConfigClockSource), (208 bytes).
    Removing stm32f4xx_hal_tim.o(.ARM.exidx.text.HAL_TIM_ConfigClockSource), (8 bytes).
    Removing stm32f4xx_hal_tim.o(.text.TIM_TI1_ConfigInputStage), (34 bytes).
    Removing stm32f4xx_hal_tim.o(.ARM.exidx.text.TIM_TI1_ConfigInputStage), (8 bytes).
    Removing stm32f4xx_hal_tim.o(.text.TIM_ITRx_SetConfig), (16 bytes).
    Removing stm32f4xx_hal_tim.o(.ARM.exidx.text.TIM_ITRx_SetConfig), (8 bytes).
    Removing stm32f4xx_hal_tim.o(.text.TIM_TI2_ConfigInputStage), (36 bytes).
    Removing stm32f4xx_hal_tim.o(.ARM.exidx.text.TIM_TI2_ConfigInputStage), (8 bytes).
    Removing stm32f4xx_hal_tim.o(.text.HAL_TIM_ConfigTI1Input), (16 bytes).
    Removing stm32f4xx_hal_tim.o(.ARM.exidx.text.HAL_TIM_ConfigTI1Input), (8 bytes).
    Removing stm32f4xx_hal_tim.o(.text.HAL_TIM_SlaveConfigSynchro), (74 bytes).
    Removing stm32f4xx_hal_tim.o(.ARM.exidx.text.HAL_TIM_SlaveConfigSynchro), (8 bytes).
    Removing stm32f4xx_hal_tim.o(.text.TIM_SlaveTimer_SetConfig), (134 bytes).
    Removing stm32f4xx_hal_tim.o(.ARM.exidx.text.TIM_SlaveTimer_SetConfig), (8 bytes).
    Removing stm32f4xx_hal_tim.o(.text.HAL_TIM_SlaveConfigSynchro_IT), (74 bytes).
    Removing stm32f4xx_hal_tim.o(.ARM.exidx.text.HAL_TIM_SlaveConfigSynchro_IT), (8 bytes).
    Removing stm32f4xx_hal_tim.o(.text.HAL_TIM_ReadCapturedValue), (52 bytes).
    Removing stm32f4xx_hal_tim.o(.ARM.exidx.text.HAL_TIM_ReadCapturedValue), (8 bytes).
    Removing stm32f4xx_hal_tim.o(.text.HAL_TIM_PeriodElapsedHalfCpltCallback), (2 bytes).
    Removing stm32f4xx_hal_tim.o(.ARM.exidx.text.HAL_TIM_PeriodElapsedHalfCpltCallback), (8 bytes).
    Removing stm32f4xx_hal_tim.o(.text.HAL_TIM_IC_CaptureHalfCpltCallback), (2 bytes).
    Removing stm32f4xx_hal_tim.o(.ARM.exidx.text.HAL_TIM_IC_CaptureHalfCpltCallback), (8 bytes).
    Removing stm32f4xx_hal_tim.o(.text.HAL_TIM_PWM_PulseFinishedHalfCpltCallback), (2 bytes).
    Removing stm32f4xx_hal_tim.o(.ARM.exidx.text.HAL_TIM_PWM_PulseFinishedHalfCpltCallback), (8 bytes).
    Removing stm32f4xx_hal_tim.o(.text.HAL_TIM_TriggerHalfCpltCallback), (2 bytes).
    Removing stm32f4xx_hal_tim.o(.ARM.exidx.text.HAL_TIM_TriggerHalfCpltCallback), (8 bytes).
    Removing stm32f4xx_hal_tim.o(.text.HAL_TIM_ErrorCallback), (2 bytes).
    Removing stm32f4xx_hal_tim.o(.ARM.exidx.text.HAL_TIM_ErrorCallback), (8 bytes).
    Removing stm32f4xx_hal_tim.o(.text.HAL_TIM_Base_GetState), (6 bytes).
    Removing stm32f4xx_hal_tim.o(.ARM.exidx.text.HAL_TIM_Base_GetState), (8 bytes).
    Removing stm32f4xx_hal_tim.o(.text.HAL_TIM_OC_GetState), (6 bytes).
    Removing stm32f4xx_hal_tim.o(.ARM.exidx.text.HAL_TIM_OC_GetState), (8 bytes).
    Removing stm32f4xx_hal_tim.o(.text.HAL_TIM_PWM_GetState), (6 bytes).
    Removing stm32f4xx_hal_tim.o(.ARM.exidx.text.HAL_TIM_PWM_GetState), (8 bytes).
    Removing stm32f4xx_hal_tim.o(.text.HAL_TIM_IC_GetState), (6 bytes).
    Removing stm32f4xx_hal_tim.o(.ARM.exidx.text.HAL_TIM_IC_GetState), (8 bytes).
    Removing stm32f4xx_hal_tim.o(.text.HAL_TIM_OnePulse_GetState), (6 bytes).
    Removing stm32f4xx_hal_tim.o(.ARM.exidx.text.HAL_TIM_OnePulse_GetState), (8 bytes).
    Removing stm32f4xx_hal_tim.o(.text.HAL_TIM_Encoder_GetState), (6 bytes).
    Removing stm32f4xx_hal_tim.o(.ARM.exidx.text.HAL_TIM_Encoder_GetState), (8 bytes).
    Removing stm32f4xx_hal_tim_ex.o(.text), (0 bytes).
    Removing stm32f4xx_hal_tim_ex.o(.text.HAL_TIMEx_HallSensor_Init), (174 bytes).
    Removing stm32f4xx_hal_tim_ex.o(.ARM.exidx.text.HAL_TIMEx_HallSensor_Init), (8 bytes).
    Removing stm32f4xx_hal_tim_ex.o(.text.HAL_TIMEx_HallSensor_MspInit), (2 bytes).
    Removing stm32f4xx_hal_tim_ex.o(.ARM.exidx.text.HAL_TIMEx_HallSensor_MspInit), (8 bytes).
    Removing stm32f4xx_hal_tim_ex.o(.text.HAL_TIMEx_HallSensor_DeInit), (60 bytes).
    Removing stm32f4xx_hal_tim_ex.o(.ARM.exidx.text.HAL_TIMEx_HallSensor_DeInit), (8 bytes).
    Removing stm32f4xx_hal_tim_ex.o(.text.HAL_TIMEx_HallSensor_MspDeInit), (2 bytes).
    Removing stm32f4xx_hal_tim_ex.o(.ARM.exidx.text.HAL_TIMEx_HallSensor_MspDeInit), (8 bytes).
    Removing stm32f4xx_hal_tim_ex.o(.text.HAL_TIMEx_HallSensor_Start), (38 bytes).
    Removing stm32f4xx_hal_tim_ex.o(.ARM.exidx.text.HAL_TIMEx_HallSensor_Start), (8 bytes).
    Removing stm32f4xx_hal_tim_ex.o(.text.HAL_TIMEx_HallSensor_Stop), (52 bytes).
    Removing stm32f4xx_hal_tim_ex.o(.ARM.exidx.text.HAL_TIMEx_HallSensor_Stop), (8 bytes).
    Removing stm32f4xx_hal_tim_ex.o(.text.HAL_TIMEx_HallSensor_Start_IT), (46 bytes).
    Removing stm32f4xx_hal_tim_ex.o(.ARM.exidx.text.HAL_TIMEx_HallSensor_Start_IT), (8 bytes).
    Removing stm32f4xx_hal_tim_ex.o(.text.HAL_TIMEx_HallSensor_Stop_IT), (60 bytes).
    Removing stm32f4xx_hal_tim_ex.o(.ARM.exidx.text.HAL_TIMEx_HallSensor_Stop_IT), (8 bytes).
    Removing stm32f4xx_hal_tim_ex.o(.text.HAL_TIMEx_HallSensor_Start_DMA), (144 bytes).
    Removing stm32f4xx_hal_tim_ex.o(.ARM.exidx.text.HAL_TIMEx_HallSensor_Start_DMA), (8 bytes).
    Removing stm32f4xx_hal_tim_ex.o(.text.HAL_TIMEx_HallSensor_Stop_DMA), (68 bytes).
    Removing stm32f4xx_hal_tim_ex.o(.ARM.exidx.text.HAL_TIMEx_HallSensor_Stop_DMA), (8 bytes).
    Removing stm32f4xx_hal_tim_ex.o(.text.HAL_TIMEx_OCN_Start), (44 bytes).
    Removing stm32f4xx_hal_tim_ex.o(.ARM.exidx.text.HAL_TIMEx_OCN_Start), (8 bytes).
    Removing stm32f4xx_hal_tim_ex.o(.text.TIM_CCxNChannelCmd), (36 bytes).
    Removing stm32f4xx_hal_tim_ex.o(.ARM.exidx.text.TIM_CCxNChannelCmd), (8 bytes).
    Removing stm32f4xx_hal_tim_ex.o(.text.HAL_TIMEx_OCN_Stop), (74 bytes).
    Removing stm32f4xx_hal_tim_ex.o(.ARM.exidx.text.HAL_TIMEx_OCN_Stop), (8 bytes).
    Removing stm32f4xx_hal_tim_ex.o(.text.HAL_TIMEx_OCN_Start_IT), (80 bytes).
    Removing stm32f4xx_hal_tim_ex.o(.ARM.exidx.text.HAL_TIMEx_OCN_Start_IT), (8 bytes).
    Removing stm32f4xx_hal_tim_ex.o(.text.HAL_TIMEx_OCN_Stop_IT), (126 bytes).
    Removing stm32f4xx_hal_tim_ex.o(.ARM.exidx.text.HAL_TIMEx_OCN_Stop_IT), (8 bytes).
    Removing stm32f4xx_hal_tim_ex.o(.text.HAL_TIMEx_OCN_Start_DMA), (292 bytes).
    Removing stm32f4xx_hal_tim_ex.o(.ARM.exidx.text.HAL_TIMEx_OCN_Start_DMA), (8 bytes).
    Removing stm32f4xx_hal_tim_ex.o(.text.HAL_TIMEx_OCN_Stop_DMA), (138 bytes).
    Removing stm32f4xx_hal_tim_ex.o(.ARM.exidx.text.HAL_TIMEx_OCN_Stop_DMA), (8 bytes).
    Removing stm32f4xx_hal_tim_ex.o(.text.HAL_TIMEx_PWMN_Start), (44 bytes).
    Removing stm32f4xx_hal_tim_ex.o(.ARM.exidx.text.HAL_TIMEx_PWMN_Start), (8 bytes).
    Removing stm32f4xx_hal_tim_ex.o(.text.HAL_TIMEx_PWMN_Stop), (74 bytes).
    Removing stm32f4xx_hal_tim_ex.o(.ARM.exidx.text.HAL_TIMEx_PWMN_Stop), (8 bytes).
    Removing stm32f4xx_hal_tim_ex.o(.text.HAL_TIMEx_PWMN_Start_IT), (80 bytes).
    Removing stm32f4xx_hal_tim_ex.o(.ARM.exidx.text.HAL_TIMEx_PWMN_Start_IT), (8 bytes).
    Removing stm32f4xx_hal_tim_ex.o(.text.HAL_TIMEx_PWMN_Stop_IT), (126 bytes).
    Removing stm32f4xx_hal_tim_ex.o(.ARM.exidx.text.HAL_TIMEx_PWMN_Stop_IT), (8 bytes).
    Removing stm32f4xx_hal_tim_ex.o(.text.HAL_TIMEx_PWMN_Start_DMA), (292 bytes).
    Removing stm32f4xx_hal_tim_ex.o(.ARM.exidx.text.HAL_TIMEx_PWMN_Start_DMA), (8 bytes).
    Removing stm32f4xx_hal_tim_ex.o(.text.HAL_TIMEx_PWMN_Stop_DMA), (138 bytes).
    Removing stm32f4xx_hal_tim_ex.o(.ARM.exidx.text.HAL_TIMEx_PWMN_Stop_DMA), (8 bytes).
    Removing stm32f4xx_hal_tim_ex.o(.text.HAL_TIMEx_OnePulseN_Start), (26 bytes).
    Removing stm32f4xx_hal_tim_ex.o(.ARM.exidx.text.HAL_TIMEx_OnePulseN_Start), (8 bytes).
    Removing stm32f4xx_hal_tim_ex.o(.text.HAL_TIMEx_OnePulseN_Stop), (74 bytes).
    Removing stm32f4xx_hal_tim_ex.o(.ARM.exidx.text.HAL_TIMEx_OnePulseN_Stop), (8 bytes).
    Removing stm32f4xx_hal_tim_ex.o(.text.HAL_TIMEx_OnePulseN_Start_IT), (42 bytes).
    Removing stm32f4xx_hal_tim_ex.o(.ARM.exidx.text.HAL_TIMEx_OnePulseN_Start_IT), (8 bytes).
    Removing stm32f4xx_hal_tim_ex.o(.text.HAL_TIMEx_OnePulseN_Stop_IT), (90 bytes).
    Removing stm32f4xx_hal_tim_ex.o(.ARM.exidx.text.HAL_TIMEx_OnePulseN_Stop_IT), (8 bytes).
    Removing stm32f4xx_hal_tim_ex.o(.text.HAL_TIMEx_ConfigCommutEvent), (104 bytes).
    Removing stm32f4xx_hal_tim_ex.o(.ARM.exidx.text.HAL_TIMEx_ConfigCommutEvent), (8 bytes).
    Removing stm32f4xx_hal_tim_ex.o(.text.HAL_TIMEx_ConfigCommutEvent_IT), (104 bytes).
    Removing stm32f4xx_hal_tim_ex.o(.ARM.exidx.text.HAL_TIMEx_ConfigCommutEvent_IT), (8 bytes).
    Removing stm32f4xx_hal_tim_ex.o(.text.HAL_TIMEx_ConfigCommutEvent_DMA), (144 bytes).
    Removing stm32f4xx_hal_tim_ex.o(.ARM.exidx.text.HAL_TIMEx_ConfigCommutEvent_DMA), (8 bytes).
    Removing stm32f4xx_hal_tim_ex.o(.text.TIMEx_DMACommutationCplt), (16 bytes).
    Removing stm32f4xx_hal_tim_ex.o(.ARM.exidx.text.TIMEx_DMACommutationCplt), (8 bytes).
    Removing stm32f4xx_hal_tim_ex.o(.text.TIMEx_DMACommutationHalfCplt), (16 bytes).
    Removing stm32f4xx_hal_tim_ex.o(.ARM.exidx.text.TIMEx_DMACommutationHalfCplt), (8 bytes).
    Removing stm32f4xx_hal_tim_ex.o(.text.HAL_TIMEx_MasterConfigSynchronization), (184 bytes).
    Removing stm32f4xx_hal_tim_ex.o(.ARM.exidx.text.HAL_TIMEx_MasterConfigSynchronization), (8 bytes).
    Removing stm32f4xx_hal_tim_ex.o(.text.HAL_TIMEx_ConfigBreakDeadTime), (76 bytes).
    Removing stm32f4xx_hal_tim_ex.o(.ARM.exidx.text.HAL_TIMEx_ConfigBreakDeadTime), (8 bytes).
    Removing stm32f4xx_hal_tim_ex.o(.text.HAL_TIMEx_RemapConfig), (26 bytes).
    Removing stm32f4xx_hal_tim_ex.o(.ARM.exidx.text.HAL_TIMEx_RemapConfig), (8 bytes).
    Removing stm32f4xx_hal_tim_ex.o(.text.HAL_TIMEx_CommutCallback), (2 bytes).
    Removing stm32f4xx_hal_tim_ex.o(.ARM.exidx.text.HAL_TIMEx_CommutCallback), (8 bytes).
    Removing stm32f4xx_hal_tim_ex.o(.text.HAL_TIMEx_CommutHalfCpltCallback), (2 bytes).
    Removing stm32f4xx_hal_tim_ex.o(.ARM.exidx.text.HAL_TIMEx_CommutHalfCpltCallback), (8 bytes).
    Removing stm32f4xx_hal_tim_ex.o(.text.HAL_TIMEx_BreakCallback), (2 bytes).
    Removing stm32f4xx_hal_tim_ex.o(.ARM.exidx.text.HAL_TIMEx_BreakCallback), (8 bytes).
    Removing stm32f4xx_hal_tim_ex.o(.text.HAL_TIMEx_HallSensor_GetState), (6 bytes).
    Removing stm32f4xx_hal_tim_ex.o(.ARM.exidx.text.HAL_TIMEx_HallSensor_GetState), (8 bytes).
    Removing stm32f4xx_ll_fmc.o(.text), (0 bytes).
    Removing stm32f4xx_ll_fmc.o(.text.FMC_NORSRAM_Init), (120 bytes).
    Removing stm32f4xx_ll_fmc.o(.ARM.exidx.text.FMC_NORSRAM_Init), (8 bytes).
    Removing stm32f4xx_ll_fmc.o(.text.FMC_NORSRAM_DeInit), (48 bytes).
    Removing stm32f4xx_ll_fmc.o(.ARM.exidx.text.FMC_NORSRAM_DeInit), (8 bytes).
    Removing stm32f4xx_ll_fmc.o(.text.FMC_NORSRAM_Timing_Init), (94 bytes).
    Removing stm32f4xx_ll_fmc.o(.ARM.exidx.text.FMC_NORSRAM_Timing_Init), (8 bytes).
    Removing stm32f4xx_ll_fmc.o(.text.FMC_NORSRAM_Extended_Timing_Init), (66 bytes).
    Removing stm32f4xx_ll_fmc.o(.ARM.exidx.text.FMC_NORSRAM_Extended_Timing_Init), (8 bytes).
    Removing stm32f4xx_ll_fmc.o(.text.FMC_NORSRAM_WriteOperation_Enable), (18 bytes).
    Removing stm32f4xx_ll_fmc.o(.ARM.exidx.text.FMC_NORSRAM_WriteOperation_Enable), (8 bytes).
    Removing stm32f4xx_ll_fmc.o(.text.FMC_NORSRAM_WriteOperation_Disable), (18 bytes).
    Removing stm32f4xx_ll_fmc.o(.ARM.exidx.text.FMC_NORSRAM_WriteOperation_Disable), (8 bytes).
    Removing stm32f4xx_ll_fmc.o(.text.FMC_NAND_Init), (62 bytes).
    Removing stm32f4xx_ll_fmc.o(.ARM.exidx.text.FMC_NAND_Init), (8 bytes).
    Removing stm32f4xx_ll_fmc.o(.text.FMC_NAND_CommonSpace_Timing_Init), (42 bytes).
    Removing stm32f4xx_ll_fmc.o(.ARM.exidx.text.FMC_NAND_CommonSpace_Timing_Init), (8 bytes).
    Removing stm32f4xx_ll_fmc.o(.text.FMC_NAND_AttributeSpace_Timing_Init), (42 bytes).
    Removing stm32f4xx_ll_fmc.o(.ARM.exidx.text.FMC_NAND_AttributeSpace_Timing_Init), (8 bytes).
    Removing stm32f4xx_ll_fmc.o(.text.FMC_NAND_DeInit), (66 bytes).
    Removing stm32f4xx_ll_fmc.o(.ARM.exidx.text.FMC_NAND_DeInit), (8 bytes).
    Removing stm32f4xx_ll_fmc.o(.text.FMC_NAND_ECC_Enable), (20 bytes).
    Removing stm32f4xx_ll_fmc.o(.ARM.exidx.text.FMC_NAND_ECC_Enable), (8 bytes).
    Removing stm32f4xx_ll_fmc.o(.text.FMC_NAND_ECC_Disable), (20 bytes).
    Removing stm32f4xx_ll_fmc.o(.ARM.exidx.text.FMC_NAND_ECC_Disable), (8 bytes).
    Removing stm32f4xx_ll_fmc.o(.text.FMC_NAND_GetECC), (100 bytes).
    Removing stm32f4xx_ll_fmc.o(.ARM.exidx.text.FMC_NAND_GetECC), (8 bytes).
    Removing stm32f4xx_ll_fmc.o(.text.FMC_PCCARD_Init), (44 bytes).
    Removing stm32f4xx_ll_fmc.o(.ARM.exidx.text.FMC_PCCARD_Init), (8 bytes).
    Removing stm32f4xx_ll_fmc.o(.text.FMC_PCCARD_CommonSpace_Timing_Init), (30 bytes).
    Removing stm32f4xx_ll_fmc.o(.ARM.exidx.text.FMC_PCCARD_CommonSpace_Timing_Init), (8 bytes).
    Removing stm32f4xx_ll_fmc.o(.text.FMC_PCCARD_AttributeSpace_Timing_Init), (30 bytes).
    Removing stm32f4xx_ll_fmc.o(.ARM.exidx.text.FMC_PCCARD_AttributeSpace_Timing_Init), (8 bytes).
    Removing stm32f4xx_ll_fmc.o(.text.FMC_PCCARD_IOSpace_Timing_Init), (30 bytes).
    Removing stm32f4xx_ll_fmc.o(.ARM.exidx.text.FMC_PCCARD_IOSpace_Timing_Init), (8 bytes).
    Removing stm32f4xx_ll_fmc.o(.text.FMC_PCCARD_DeInit), (32 bytes).
    Removing stm32f4xx_ll_fmc.o(.ARM.exidx.text.FMC_PCCARD_DeInit), (8 bytes).
    Removing stm32f4xx_ll_fmc.o(.ARM.exidx.text.FMC_SDRAM_Init), (8 bytes).
    Removing stm32f4xx_ll_fmc.o(.ARM.exidx.text.FMC_SDRAM_Timing_Init), (8 bytes).
    Removing stm32f4xx_ll_fmc.o(.text.FMC_SDRAM_DeInit), (32 bytes).
    Removing stm32f4xx_ll_fmc.o(.ARM.exidx.text.FMC_SDRAM_DeInit), (8 bytes).
    Removing stm32f4xx_ll_fmc.o(.text.FMC_SDRAM_WriteProtection_Enable), (18 bytes).
    Removing stm32f4xx_ll_fmc.o(.ARM.exidx.text.FMC_SDRAM_WriteProtection_Enable), (8 bytes).
    Removing stm32f4xx_ll_fmc.o(.text.FMC_SDRAM_WriteProtection_Disable), (18 bytes).
    Removing stm32f4xx_ll_fmc.o(.ARM.exidx.text.FMC_SDRAM_WriteProtection_Disable), (8 bytes).
    Removing stm32f4xx_ll_fmc.o(.ARM.exidx.text.FMC_SDRAM_SendCommand), (8 bytes).
    Removing stm32f4xx_ll_fmc.o(.ARM.exidx.text.FMC_SDRAM_ProgramRefreshRate), (8 bytes).
    Removing stm32f4xx_ll_fmc.o(.text.FMC_SDRAM_SetAutoRefreshNumber), (14 bytes).
    Removing stm32f4xx_ll_fmc.o(.ARM.exidx.text.FMC_SDRAM_SetAutoRefreshNumber), (8 bytes).
    Removing stm32f4xx_ll_fmc.o(.text.FMC_SDRAM_GetModeStatus), (14 bytes).
    Removing stm32f4xx_ll_fmc.o(.ARM.exidx.text.FMC_SDRAM_GetModeStatus), (8 bytes).
    Removing startup_stm32f429xx.o(HEAP), (512 bytes).
    Removing system_stm32f4xx.o(.text), (0 bytes).
    Removing system_stm32f4xx.o(.ARM.exidx.text.SystemInit), (8 bytes).
    Removing system_stm32f4xx.o(.text.SystemCoreClockUpdate), (126 bytes).
    Removing system_stm32f4xx.o(.ARM.exidx.text.SystemCoreClockUpdate), (8 bytes).
    Removing system_stm32f4xx.o(.rodata.APBPrescTable), (8 bytes).

1505 unused section(s) (total 67625 bytes) removed from the image.
