<html>
<body>
<pre>
<h1>µVision Build Log</h1>
<h2>Tool Versions:</h2>
IDE-Version: µVision V5.36.0.0
Copyright (C) 2021 ARM Ltd and ARM Germany GmbH. All rights reserved.
License Information: Alex Bartella, McMaster, LIC=----
 
Tool Versions:
Toolchain:       MDK-Lite  Version: 5.36.0.0
Toolchain Path:  C:\Keil_v5\ARM\ARMCLANG\Bin
C Compiler:      ArmClang.exe V6.16
Assembler:       Armasm.exe V6.16
Linker/Locator:  ArmLink.exe V6.16
Library Manager: ArmAr.exe V6.16
Hex Converter:   FromElf.exe V6.16
CPU DLL:         SARMCM3.DLL V5.36.0.0
Dialog DLL:      DCM.DLL V1.17.3.0
Target DLL:      STLink\ST-LINKIII-KEIL_SWO.dll V3.0.9.0
Dialog DLL:      TCM.DLL V1.53.0.0
 
<h2>Project:</h2>
C:\Shared\alex-bartella-schoolwork\2TA4\lab 3\lab3.uvprojx
Project File Date:  03/09/2022

<h2>Output:</h2>
*** Using Compiler 'V6.16', folder: 'C:\Keil_v5\ARM\ARMCLANG\Bin'
Build target 'Target 1'
Src/main.c(586): warning: non-void function does not return a value in all control paths [-Wreturn-type]
}
^
Src/main.c(612): warning: non-void function does not return a value in all control paths [-Wreturn-type]
}
^
Src/main.c(751): warning: passing 'char [3]' to parameter of type 'uint8_t *' (aka 'unsigned char *') converts between pointers to integer types where one is of the unique plain 'char' type and the other is not [-Wpointer-sign]
                                        LCD_DisplayString(5,1,"  "); //initializes cursor, shows location
                                                              ^~~~
Src/main.c(620): note: passing argument to parameter 'ptr' here
void LCD_DisplayString(uint16_t LineNumber, uint16_t ColumnNumber, uint8_t *ptr)
                                                                            ^
Src/main.c(756): warning: passing 'char [3]' to parameter of type 'uint8_t *' (aka 'unsigned char *') converts between pointers to integer types where one is of the unique plain 'char' type and the other is not [-Wpointer-sign]
                                        LCD_DisplayString(5,4,"  ");//day
                                                              ^~~~
Src/main.c(620): note: passing argument to parameter 'ptr' here
void LCD_DisplayString(uint16_t LineNumber, uint16_t ColumnNumber, uint8_t *ptr)
                                                                            ^
Src/main.c(761): warning: passing 'char [3]' to parameter of type 'uint8_t *' (aka 'unsigned char *') converts between pointers to integer types where one is of the unique plain 'char' type and the other is not [-Wpointer-sign]
                                        LCD_DisplayString(5,7,"  ");//month
                                                              ^~~~
Src/main.c(620): note: passing argument to parameter 'ptr' here
void LCD_DisplayString(uint16_t LineNumber, uint16_t ColumnNumber, uint8_t *ptr)
                                                                            ^
Src/main.c(766): warning: passing 'char [3]' to parameter of type 'uint8_t *' (aka 'unsigned char *') converts between pointers to integer types where one is of the unique plain 'char' type and the other is not [-Wpointer-sign]
                                        LCD_DisplayString(8,1,"  ");//year
                                                              ^~~~
Src/main.c(620): note: passing argument to parameter 'ptr' here
void LCD_DisplayString(uint16_t LineNumber, uint16_t ColumnNumber, uint8_t *ptr)
                                                                            ^
Src/main.c(771): warning: passing 'char [3]' to parameter of type 'uint8_t *' (aka 'unsigned char *') converts between pointers to integer types where one is of the unique plain 'char' type and the other is not [-Wpointer-sign]
                                        LCD_DisplayString(8,4,"  ");//hours
                                                              ^~~~
Src/main.c(620): note: passing argument to parameter 'ptr' here
void LCD_DisplayString(uint16_t LineNumber, uint16_t ColumnNumber, uint8_t *ptr)
                                                                            ^
Src/main.c(776): warning: passing 'char [3]' to parameter of type 'uint8_t *' (aka 'unsigned char *') converts between pointers to integer types where one is of the unique plain 'char' type and the other is not [-Wpointer-sign]
                                        LCD_DisplayString(8,7,"  ");//mins
                                                              ^~~~
Src/main.c(620): note: passing argument to parameter 'ptr' here
void LCD_DisplayString(uint16_t LineNumber, uint16_t ColumnNumber, uint8_t *ptr)
                                                                            ^
Src/main.c(782): warning: passing 'char [3]' to parameter of type 'uint8_t *' (aka 'unsigned char *') converts between pointers to integer types where one is of the unique plain 'char' type and the other is not [-Wpointer-sign]
                                        LCD_DisplayString(5,1,"  ");
                                                              ^~~~
Src/main.c(620): note: passing argument to parameter 'ptr' here
void LCD_DisplayString(uint16_t LineNumber, uint16_t ColumnNumber, uint8_t *ptr)
                                                                            ^
Src/main.c(794): warning: passing 'char [13]' to parameter of type 'uint8_t *' (aka 'unsigned char *') converts between pointers to integer types where one is of the unique plain 'char' type and the other is not [-Wpointer-sign]
                        LCD_DisplayString(8,1,"Latest Time:");
                                              ^~~~~~~~~~~~~~
Src/main.c(620): note: passing argument to parameter 'ptr' here
void LCD_DisplayString(uint16_t LineNumber, uint16_t ColumnNumber, uint8_t *ptr)
                                                                            ^
Src/main.c(799): warning: passing 'char [2]' to parameter of type 'uint8_t *' (aka 'unsigned char *') converts between pointers to integer types where one is of the unique plain 'char' type and the other is not [-Wpointer-sign]
                                if (i!=2){LCD_DisplayString(9,1+(3*i+2),":");}
                                                                        ^~~
Src/main.c(620): note: passing argument to parameter 'ptr' here
void LCD_DisplayString(uint16_t LineNumber, uint16_t ColumnNumber, uint8_t *ptr)
                                                                            ^
Src/main.c(801): warning: passing 'char [15]' to parameter of type 'uint8_t *' (aka 'unsigned char *') converts between pointers to integer types where one is of the unique plain 'char' type and the other is not [-Wpointer-sign]
                        LCD_DisplayString(11,1,"Second Latest:");
                                               ^~~~~~~~~~~~~~~~
Src/main.c(620): note: passing argument to parameter 'ptr' here
void LCD_DisplayString(uint16_t LineNumber, uint16_t ColumnNumber, uint8_t *ptr)
                                                                            ^
Src/main.c(804): warning: passing 'char [2]' to parameter of type 'uint8_t *' (aka 'unsigned char *') converts between pointers to integer types where one is of the unique plain 'char' type and the other is not [-Wpointer-sign]
                                if (k!=2){LCD_DisplayString(12,1+(3*k+2),":");}
                                                                         ^~~
Src/main.c(620): note: passing argument to parameter 'ptr' here
void LCD_DisplayString(uint16_t LineNumber, uint16_t ColumnNumber, uint8_t *ptr)
                                                                            ^
Src/main.c(836): warning: passing 'char [9]' to parameter of type 'uint8_t *' (aka 'unsigned char *') converts between pointers to integer types where one is of the unique plain 'char' type and the other is not [-Wpointer-sign]
                LCD_DisplayString(4,1,"HH:MM:SS"); //display time
                                      ^~~~~~~~~~
Src/main.c(620): note: passing argument to parameter 'ptr' here
void LCD_DisplayString(uint16_t LineNumber, uint16_t ColumnNumber, uint8_t *ptr)
                                                                            ^
Src/main.c(838): warning: passing 'char [2]' to parameter of type 'uint8_t *' (aka 'unsigned char *') converts between pointers to integer types where one is of the unique plain 'char' type and the other is not [-Wpointer-sign]
                LCD_DisplayString(5,3,":");
                                      ^~~
Src/main.c(620): note: passing argument to parameter 'ptr' here
void LCD_DisplayString(uint16_t LineNumber, uint16_t ColumnNumber, uint8_t *ptr)
                                                                            ^
Src/main.c(840): warning: passing 'char [2]' to parameter of type 'uint8_t *' (aka 'unsigned char *') converts between pointers to integer types where one is of the unique plain 'char' type and the other is not [-Wpointer-sign]
                LCD_DisplayString(5,6,":");
                                      ^~~
Src/main.c(620): note: passing argument to parameter 'ptr' here
void LCD_DisplayString(uint16_t LineNumber, uint16_t ColumnNumber, uint8_t *ptr)
                                                                            ^
Src/main.c(843): warning: passing 'char [9]' to parameter of type 'uint8_t *' (aka 'unsigned char *') converts between pointers to integer types where one is of the unique plain 'char' type and the other is not [-Wpointer-sign]
                LCD_DisplayString(1,1,"DD:MM:YY"); //display date
                                      ^~~~~~~~~~
Src/main.c(620): note: passing argument to parameter 'ptr' here
void LCD_DisplayString(uint16_t LineNumber, uint16_t ColumnNumber, uint8_t *ptr)
                                                                            ^
Src/main.c(845): warning: passing 'char [2]' to parameter of type 'uint8_t *' (aka 'unsigned char *') converts between pointers to integer types where one is of the unique plain 'char' type and the other is not [-Wpointer-sign]
                LCD_DisplayString(2,3,":");
                                      ^~~
Src/main.c(620): note: passing argument to parameter 'ptr' here
void LCD_DisplayString(uint16_t LineNumber, uint16_t ColumnNumber, uint8_t *ptr)
                                                                            ^
Src/main.c(847): warning: passing 'char [2]' to parameter of type 'uint8_t *' (aka 'unsigned char *') converts between pointers to integer types where one is of the unique plain 'char' type and the other is not [-Wpointer-sign]
                LCD_DisplayString(2,6,":");
                                      ^~~
Src/main.c(620): note: passing argument to parameter 'ptr' here
void LCD_DisplayString(uint16_t LineNumber, uint16_t ColumnNumber, uint8_t *ptr)
                                                                            ^
Src/main.c(869): warning: passing 'char [12]' to parameter of type 'uint8_t *' (aka 'unsigned char *') converts between pointers to integer types where one is of the unique plain 'char' type and the other is not [-Wpointer-sign]
                                LCD_DisplayString(1,0,"Setting the"); //date and time settings menu
                                                      ^~~~~~~~~~~~~
Src/main.c(620): note: passing argument to parameter 'ptr' here
void LCD_DisplayString(uint16_t LineNumber, uint16_t ColumnNumber, uint8_t *ptr)
                                                                            ^
Src/main.c(870): warning: passing 'char [14]' to parameter of type 'uint8_t *' (aka 'unsigned char *') converts between pointers to integer types where one is of the unique plain 'char' type and the other is not [-Wpointer-sign]
                                LCD_DisplayString(2,0,"Date and Time");
                                                      ^~~~~~~~~~~~~~~
Src/main.c(620): note: passing argument to parameter 'ptr' here
void LCD_DisplayString(uint16_t LineNumber, uint16_t ColumnNumber, uint8_t *ptr)
                                                                            ^
Src/main.c(871): warning: passing 'char [9]' to parameter of type 'uint8_t *' (aka 'unsigned char *') converts between pointers to integer types where one is of the unique plain 'char' type and the other is not [-Wpointer-sign]
                                LCD_DisplayString(4,1,"DD:MM:YY");
                                                      ^~~~~~~~~~
Src/main.c(620): note: passing argument to parameter 'ptr' here
void LCD_DisplayString(uint16_t LineNumber, uint16_t ColumnNumber, uint8_t *ptr)
                                                                            ^
Src/main.c(873): warning: passing 'char [2]' to parameter of type 'uint8_t *' (aka 'unsigned char *') converts between pointers to integer types where one is of the unique plain 'char' type and the other is not [-Wpointer-sign]
                                LCD_DisplayString(5,3,":");
                                                      ^~~
Src/main.c(620): note: passing argument to parameter 'ptr' here
void LCD_DisplayString(uint16_t LineNumber, uint16_t ColumnNumber, uint8_t *ptr)
                                                                            ^
Src/main.c(875): warning: passing 'char [2]' to parameter of type 'uint8_t *' (aka 'unsigned char *') converts between pointers to integer types where one is of the unique plain 'char' type and the other is not [-Wpointer-sign]
                                LCD_DisplayString(5,6,":");
                                                      ^~~
Src/main.c(620): note: passing argument to parameter 'ptr' here
void LCD_DisplayString(uint16_t LineNumber, uint16_t ColumnNumber, uint8_t *ptr)
                                                                            ^
Src/main.c(878): warning: passing 'char [9]' to parameter of type 'uint8_t *' (aka 'unsigned char *') converts between pointers to integer types where one is of the unique plain 'char' type and the other is not [-Wpointer-sign]
                                LCD_DisplayString(7,1,"HH:MM:SS");
                                                      ^~~~~~~~~~
Src/main.c(620): note: passing argument to parameter 'ptr' here
void LCD_DisplayString(uint16_t LineNumber, uint16_t ColumnNumber, uint8_t *ptr)
                                                                            ^
Src/main.c(880): warning: passing 'char [2]' to parameter of type 'uint8_t *' (aka 'unsigned char *') converts between pointers to integer types where one is of the unique plain 'char' type and the other is not [-Wpointer-sign]
                                LCD_DisplayString(8,3,":");
                                                      ^~~
Src/main.c(620): note: passing argument to parameter 'ptr' here
void LCD_DisplayString(uint16_t LineNumber, uint16_t ColumnNumber, uint8_t *ptr)
                                                                            ^
Src/main.c(882): warning: passing 'char [2]' to parameter of type 'uint8_t *' (aka 'unsigned char *') converts between pointers to integer types where one is of the unique plain 'char' type and the other is not [-Wpointer-sign]
                                LCD_DisplayString(8,6,":");
                                                      ^~~
Src/main.c(620): note: passing argument to parameter 'ptr' here
void LCD_DisplayString(uint16_t LineNumber, uint16_t ColumnNumber, uint8_t *ptr)
                                                                            ^
Src/main.c(884): warning: passing 'char [3]' to parameter of type 'uint8_t *' (aka 'unsigned char *') converts between pointers to integer types where one is of the unique plain 'char' type and the other is not [-Wpointer-sign]
                                LCD_DisplayString(5,1,"  ");
                                                      ^~~~
Src/main.c(620): note: passing argument to parameter 'ptr' here
void LCD_DisplayString(uint16_t LineNumber, uint16_t ColumnNumber, uint8_t *ptr)
                                                                            ^
Src/main.c(900): warning: passing 'char [9]' to parameter of type 'uint8_t *' (aka 'unsigned char *') converts between pointers to integer types where one is of the unique plain 'char' type and the other is not [-Wpointer-sign]
                        LCD_DisplayString(4,1,"HH:MM:SS"); //display most recent times
                                              ^~~~~~~~~~
Src/main.c(620): note: passing argument to parameter 'ptr' here
void LCD_DisplayString(uint16_t LineNumber, uint16_t ColumnNumber, uint8_t *ptr)
                                                                            ^
Src/main.c(902): warning: passing 'char [2]' to parameter of type 'uint8_t *' (aka 'unsigned char *') converts between pointers to integer types where one is of the unique plain 'char' type and the other is not [-Wpointer-sign]
                        LCD_DisplayString(5,3,":");
                                              ^~~
Src/main.c(620): note: passing argument to parameter 'ptr' here
void LCD_DisplayString(uint16_t LineNumber, uint16_t ColumnNumber, uint8_t *ptr)
                                                                            ^
Src/main.c(904): warning: passing 'char [2]' to parameter of type 'uint8_t *' (aka 'unsigned char *') converts between pointers to integer types where one is of the unique plain 'char' type and the other is not [-Wpointer-sign]
                        LCD_DisplayString(5,6,":");
                                              ^~~
Src/main.c(620): note: passing argument to parameter 'ptr' here
void LCD_DisplayString(uint16_t LineNumber, uint16_t ColumnNumber, uint8_t *ptr)
                                                                            ^
31 warnings generated.
compiling main.c...
linking...
Program Size: Code=20216 RO-data=11184 RW-data=104 ZI-data=1784  
".\Objects\lab3.axf" - 0 Error(s), 31 Warning(s).

<h2>Software Packages used:</h2>

Package Vendor: ARM
                http://www.keil.com/pack/ARM.CMSIS.5.8.0.pack
                ARM.CMSIS.5.8.0
                CMSIS (Common Microcontroller Software Interface Standard)
   * Component: CORE Version: 5.5.0

Package Vendor: Keil
                http://www.keil.com/pack/Keil.STM32F4xx_DFP.2.16.0.pack
                Keil.STM32F4xx_DFP.2.16.0
                STMicroelectronics STM32F4 Series Device Support, Drivers and Examples
   * Component: Startup Version: 2.6.3

<h2>Collection of Component include folders:</h2>
  .\RTE\_Target_1
  C:\Users\turbo\AppData\Local\Arm\Packs\ARM\CMSIS\5.8.0\CMSIS\Core\Include
  C:\Users\turbo\AppData\Local\Arm\Packs\Keil\STM32F4xx_DFP\2.16.0\Drivers\CMSIS\Device\ST\STM32F4xx\Include

<h2>Collection of Component Files used:</h2>

   * Component: ARM::CMSIS:CORE:5.5.0

   * Component: Keil::Device:Startup:2.6.3
      Include file:  Drivers\CMSIS\Device\ST\STM32F4xx\Include\stm32f4xx.h
      Source file:   MDK\Device\Source\ARM\STM32F4xx_OTP.s
      Source file:   MDK\Device\Source\ARM\STM32F42xxx_43xxx_OPT.s
      Source file:   Drivers\CMSIS\Device\ST\STM32F4xx\Source\Templates\arm\startup_stm32f429xx.s
      Source file:   Drivers\CMSIS\Device\ST\STM32F4xx\Source\Templates\system_stm32f4xx.c
Build Time Elapsed:  00:00:02
</pre>
</body>
</html>
